BL51 BANKED LINKER/LOCATER V6.22                                                        01/28/2020  11:28:58  PAGE 1


BL51 BANKED LINKER/LOCATER V6.22, INVOKED BY:
C:\KEIL_V5\C51\BIN\BL51.EXE .\HEX\L51_BANK_RP_MG2470.obj, .\HEX\rpmemcpy.obj, .\HEX\STARTUP_BANK_RP_MG2470.obj, .\HEX\AD
>> C.obj, .\HEX\CLOCK.obj, .\HEX\EXTI.obj, .\HEX\FLASH.obj, .\HEX\GPIO.obj, .\HEX\GPIOINT.obj, .\HEX\HMAC.obj, .\HEX\i2c
>> .obj, .\HEX\PHY.obj, .\HEX\POWER.obj, .\HEX\PWM.obj, .\HEX\SECURITY.obj, .\HEX\SPI.obj, .\HEX\TIMER.obj, .\HEX\UART.o
>> bj, .\HEX\WDT.obj, .\HEX\HIB.obj, .\HEX\irtx_NEC.obj, .\Platform\Library\MG2470_LIB_V25.LIB, .\HEX\UTIL_APP.obj, .\HE
>> X\UTIL_SYS.obj, .\HEX\ib_main_sen.obj, .\HEX\ib_sensor.obj, .\HEX\ib_packet.obj, .\HEX\ib_uart.obj, .\HEX\ib_zigbee.o
>> bj, .\HEX\ib_ir_sen.obj, .\HEX\ib_temp_sen.obj TO .\HEX\MG2470B_SSM_ZED_INS PRINT (.\LST\MG2470B_SSM_ZED_INS.m51) DIS
>> ABLEWARNING (16) CODE (0X0000-0XFFFF) XDATA (0X0000-0X17FF)


MEMORY MODEL: LARGE WITH FLOATING POINT ARITHMETIC


INPUT MODULES INCLUDED:
  .\HEX\L51_BANK_RP_MG2470.obj (?BANK?SWITCHING)
  .\HEX\rpmemcpy.obj (RPMEMCPY)
  .\HEX\STARTUP_BANK_RP_MG2470.obj (?C_STARTUP)
  .\HEX\ADC.obj (ADC)
  .\HEX\CLOCK.obj (CLOCK)
  .\HEX\EXTI.obj (EXTI)
  .\HEX\FLASH.obj (FLASH)
  .\HEX\GPIO.obj (GPIO)
  .\HEX\GPIOINT.obj (GPIOINT)
  .\HEX\HMAC.obj (HMAC)
  .\HEX\i2c.obj (I2C)
  .\HEX\PHY.obj (PHY)
  .\HEX\POWER.obj (POWER)
  .\HEX\PWM.obj (PWM)
  .\HEX\SECURITY.obj (SECURITY)
  .\HEX\SPI.obj (SPI)
  .\HEX\TIMER.obj (TIMER)
  .\HEX\UART.obj (UART)
  .\HEX\WDT.obj (WDT)
  .\HEX\HIB.obj (HIB)
  .\HEX\irtx_NEC.obj (IRTX_NEC)
  .\Platform\Library\MG2470_LIB_V25.LIB (MG2470_LIB)
  .\HEX\UTIL_APP.obj (UTIL_APP)
  .\HEX\UTIL_SYS.obj (UTIL_SYS)
  .\HEX\ib_main_sen.obj (IB_MAIN_SEN)
  .\HEX\ib_sensor.obj (IB_SENSOR)
  .\HEX\ib_packet.obj (IB_PACKET)
  .\HEX\ib_uart.obj (IB_UART)
  .\HEX\ib_zigbee.obj (IB_ZIGBEE)
  .\HEX\ib_ir_sen.obj (IB_IR_SEN)
  .\HEX\ib_temp_sen.obj (IB_TEMP_SEN)
  C:\KEIL_V5\C51\LIB\C51FPL.LIB (?C?FPADD)
  C:\KEIL_V5\C51\LIB\C51FPL.LIB (?C?FPMUL)
  C:\KEIL_V5\C51\LIB\C51FPL.LIB (?C?FPDIV)
  C:\KEIL_V5\C51\LIB\C51FPL.LIB (?C?FCAST)
  C:\KEIL_V5\C51\LIB\C51FPL.LIB (?C?CASTF)
  C:\KEIL_V5\C51\LIB\C51FPL.LIB (PRINTF)
  C:\KEIL_V5\C51\LIB\C51FPL.LIB (VSPRINTF)
  C:\KEIL_V5\C51\LIB\C51FPL.LIB (?C?FPGETOPN)
  C:\KEIL_V5\C51\LIB\C51FPL.LIB (?C?FPROUND)
  C:\KEIL_V5\C51\LIB\C51FPL.LIB (?C?FPCONVERT)
  C:\KEIL_V5\C51\LIB\C51FPL.LIB (?C?FTNPWR)
  C:\KEIL_V5\C51\LIB\C51L.LIB (?C_INIT)
  C:\KEIL_V5\C51\LIB\C51L.LIB (?C?COPY)
BL51 BANKED LINKER/LOCATER V6.22                                                      01/28/2020  11:28:58  PAGE 2


  C:\KEIL_V5\C51\LIB\C51L.LIB (?C?CLDPTR)
  C:\KEIL_V5\C51\LIB\C51L.LIB (?C?CLDOPTR)
  C:\KEIL_V5\C51\LIB\C51L.LIB (?C?CILDPTR)
  C:\KEIL_V5\C51\LIB\C51L.LIB (?C?CSTPTR)
  C:\KEIL_V5\C51\LIB\C51L.LIB (?C?CSTOPTR)
  C:\KEIL_V5\C51\LIB\C51L.LIB (?C?IMUL)
  C:\KEIL_V5\C51\LIB\C51L.LIB (?C?UIDIV)
  C:\KEIL_V5\C51\LIB\C51L.LIB (?C?SIDIV)
  C:\KEIL_V5\C51\LIB\C51L.LIB (?C?IILDX)
  C:\KEIL_V5\C51\LIB\C51L.LIB (?C?ILDIX)
  C:\KEIL_V5\C51\LIB\C51L.LIB (?C?ILDPTR)
  C:\KEIL_V5\C51\LIB\C51L.LIB (?C?ILDOPTR)
  C:\KEIL_V5\C51\LIB\C51L.LIB (?C?ISTPTR)
  C:\KEIL_V5\C51\LIB\C51L.LIB (?C?ISTOPTR)
  C:\KEIL_V5\C51\LIB\C51L.LIB (?C?LADD)
  C:\KEIL_V5\C51\LIB\C51L.LIB (?C?LMUL)
  C:\KEIL_V5\C51\LIB\C51L.LIB (?C?ULDIV)
  C:\KEIL_V5\C51\LIB\C51L.LIB (?C?SLDIV)
  C:\KEIL_V5\C51\LIB\C51L.LIB (?C?LOR)
  C:\KEIL_V5\C51\LIB\C51L.LIB (?C?LNEG)
  C:\KEIL_V5\C51\LIB\C51L.LIB (?C?ULCMP)
  C:\KEIL_V5\C51\LIB\C51L.LIB (?C?ULSHR)
  C:\KEIL_V5\C51\LIB\C51L.LIB (?C?LSHL)
  C:\KEIL_V5\C51\LIB\C51L.LIB (?C?LSTOPTR)
  C:\KEIL_V5\C51\LIB\C51L.LIB (?C?LLDXDATA)
  C:\KEIL_V5\C51\LIB\C51L.LIB (?C?LLDXDATA0)
  C:\KEIL_V5\C51\LIB\C51L.LIB (?C?LSTXDATA)
  C:\KEIL_V5\C51\LIB\C51L.LIB (?C?LSTKXDATA)
  C:\KEIL_V5\C51\LIB\C51L.LIB (?C?LSTKOPTR)
  C:\KEIL_V5\C51\LIB\C51L.LIB (?C?OFFXADD)
  C:\KEIL_V5\C51\LIB\C51L.LIB (?C?PLDXDATA)
  C:\KEIL_V5\C51\LIB\C51L.LIB (?C?PLDIXDATA)
  C:\KEIL_V5\C51\LIB\C51L.LIB (?C?PSTXDATA)
  C:\KEIL_V5\C51\LIB\C51L.LIB (?C?PLDOPTR)
  C:\KEIL_V5\C51\LIB\C51L.LIB (?C?PSTOPTR)
  C:\KEIL_V5\C51\LIB\C51L.LIB (?C?CCASE)
  C:\KEIL_V5\C51\LIB\C51L.LIB (?C?ICASE)
  C:\KEIL_V5\C51\LIB\C51L.LIB (?C?LCASE)
  C:\KEIL_V5\C51\LIB\C51L.LIB (?C_XBP)
  C:\KEIL_V5\C51\LIB\C51L.LIB (?C?ADDXBP)
  C:\KEIL_V5\C51\LIB\C51L.LIB (PUTCHAR)
  C:\KEIL_V5\C51\LIB\C51L.LIB (RAND)
  C:\KEIL_V5\C51\LIB\C51L.LIB (TOINT)
  C:\KEIL_V5\C51\LIB\C51L.LIB (ABS)
  C:\KEIL_V5\C51\LIB\C51L.LIB (STRLEN)
  C:\KEIL_V5\C51\LIB\C51L.LIB (?C?MEMCMP)
  C:\KEIL_V5\C51\LIB\C51L.LIB (?C?MEMSET)
  C:\KEIL_V5\C51\LIB\C51L.LIB (MALLOC)
  C:\KEIL_V5\C51\LIB\C51L.LIB (INIT_MEM)
  C:\KEIL_V5\C51\LIB\C51L.LIB (?C?LSTIDATA)
  C:\KEIL_V5\C51\LIB\C51L.LIB (?C?LSTPDATA)
  C:\KEIL_V5\C51\LIB\C51L.LIB (?C?LSTKIDATA)
  C:\KEIL_V5\C51\LIB\C51L.LIB (?C?LSTKPDATA)
  C:\KEIL_V5\C51\LIB\C51L.LIB (?C?PLDIDATA)
  C:\KEIL_V5\C51\LIB\C51L.LIB (?C?PSTIDATA)
  C:\KEIL_V5\C51\LIB\C51L.LIB (?C?PLDPDATA)
  C:\KEIL_V5\C51\LIB\C51L.LIB (?C?PSTPDATA)
BL51 BANKED LINKER/LOCATER V6.22                                                      01/28/2020  11:28:58  PAGE 3


  C:\KEIL_V5\C51\LIB\C51L.LIB (?C?PLDCODE)


LINK MAP OF MODULE:  .\HEX\MG2470B_SSM_ZED_INS (?BANK?SWITCHING)


            TYPE    BASE      LENGTH    RELOCATION   SEGMENT NAME
            -----------------------------------------------------

            * * * * * * *   D A T A   M E M O R Y   * * * * * * *
            REG     0000H     0008H     ABSOLUTE     "REG BANK 0"
            DATA    0008H     0005H     UNIT         _DATA_GROUP_
            DATA    000DH     0002H     UNIT         ?C?LIB_DATA
            DATA    000FH     0001H     UNIT         ?BANK?DATA
                    0010H     0010H                  *** GAP ***
            BIT     0020H.0   0001H.1   UNIT         _BIT_GROUP_
                    0021H.1   0000H.7                *** GAP ***
            IDATA   0022H     0001H     UNIT         ?STACK

            * * * * * * *  X D A T A   M E M O R Y  * * * * * * *
            XDATA   0000H     055BH     UNIT         ?XD?IB_UART
            XDATA   055BH     0522H     UNIT         ?XD?UTIL_SYS
            XDATA   0A7DH     0281H     UNIT         ?XD?IB_SENSOR
            XDATA   0CFEH     0116H     UNIT         _XDATA_GROUP_
            XDATA   0E14H     0112H     UNIT         ?XD?UART
            XDATA   0F26H     00C3H     UNIT         ?XD?IB_TEMP_SEN
            XDATA   0FE9H     0094H     UNIT         ?XD?BROADCAST_REQUEST?IB_PACKET
            XDATA   107DH     0047H     UNIT         ?XD?SPI
            XDATA   10C4H     0046H     UNIT         ?XD?IB_ZIGBEE
            XDATA   110AH     0034H     UNIT         ?XD?UTIL_APP
            XDATA   113EH     0032H     UNIT         ?XD?IB_PACKET
            XDATA   1170H     002DH     UNIT         ?XD?IB_MAIN_SEN
            XDATA   119DH     0015H     UNIT         ?XD?_HAL_FLASHWRITE?FLASH
            XDATA   11B2H     0010H     UNIT         ?XD?_ZSCANF_DECIMAL?UTIL_APP
            XDATA   11C2H     000FH     UNIT         ?XD?PHY
            XDATA   11D1H     000FH     UNIT         ?XD?_HAL_UARTBAUDRATEPARAMETERGET?UART
            XDATA   11E0H     000FH     UNIT         ?XD?_FLOATTOHEX?IB_SENSOR
            XDATA   11EFH     000CH     UNIT         ?XD?_HAL_POWERDOWNMODE2?POWER
            XDATA   11FBH     000BH     UNIT         ?XD?_SYS_ADCCALIBGET_ONCE?ADC
            XDATA   1206H     000BH     UNIT         ?XD?_HAL_I2CMASTER_SEQUENTIALREAD?I2C
            XDATA   1211H     000AH     UNIT         ?XD?ADC
            XDATA   121BH     000AH     UNIT         ?XD?_HAL_TIMER2INTSET?TIMER
            XDATA   1225H     000AH     UNIT         ?XD?_HAL_TIMER3INTSET?TIMER
            XDATA   122FH     000AH     UNIT         ?XD?_HAL_UART0INTSET?UART
            XDATA   1239H     000AH     UNIT         ?XD?_HAL_UART1INTSET?UART
            XDATA   1243H     000AH     UNIT         ?XD?_MOVINGAVERAGE?IB_SENSOR
            XDATA   124DH     0009H     UNIT         ?XD?_HAL_I2CMASTER_RANDOMWRITE?I2C
            XDATA   1256H     0009H     UNIT         ?XD?_HAL_I2CMASTER_RANDOMREAD?I2C
            XDATA   125FH     0009H     UNIT         ?XD?_SYS_PWM0SET_PWMMODE?PWM
            XDATA   1268H     0009H     UNIT         ?XD?_SYS_PWM1SET_PWMMODE?PWM
            XDATA   1271H     0009H     UNIT         ?XD?_SYS_PWM2SET_PWMMODE?PWM
            XDATA   127AH     0009H     UNIT         ?XD?_SYS_PWM3SET_PWMMODE?PWM
            XDATA   1283H     0009H     UNIT         ?XD?_SYS_PWM4SET_PWMMODE?PWM
            XDATA   128CH     0009H     UNIT         ?XD?_HAL_TIMER0INTSET?TIMER
            XDATA   1295H     0009H     UNIT         ?XD?_HAL_TIMER1INTSET?TIMER
            XDATA   129EH     0008H     UNIT         ?XD?I2C
            XDATA   12A6H     0008H     UNIT         ?XD?_HAL_I2CMASTER_SEQUENTIALWRITE?I2C
BL51 BANKED LINKER/LOCATER V6.22                                                      01/28/2020  11:28:58  PAGE 4


            XDATA   12AEH     0008H     UNIT         ?XD?_HAL_POWERDOWNMODE3?POWER
            XDATA   12B6H     0008H     UNIT         ?XD?INIT_MEM
            XDATA   12BEH     0007H     UNIT         ?XD?_ZSCANF?UTIL_APP
            XDATA   12C5H     0007H     UNIT         ?XD?_ZSCANFBYTE?UTIL_APP
            XDATA   12CCH     0006H     UNIT         ?XD?_HAL_PWM0SET_PWMMODE?PWM
            XDATA   12D2H     0006H     UNIT         ?XD?_HAL_PWM1SET_PWMMODE?PWM
            XDATA   12D8H     0006H     UNIT         ?XD?_HAL_PWM2SET_PWMMODE?PWM
            XDATA   12DEH     0006H     UNIT         ?XD?_HAL_PWM3SET_PWMMODE?PWM
            XDATA   12E4H     0006H     UNIT         ?XD?_HAL_PWM4SET_PWMMODE?PWM
            XDATA   12EAH     0006H     UNIT         ?XD?_HAL_SPIINTSET?SPI
            XDATA   12F0H     0006H     UNIT         ?XD?_HAL_TIMER0INTSET_SHORTPERIOD?TIMER
            XDATA   12F6H     0006H     UNIT         ?XD?_HAL_TIMER1INTSET_SHORTPERIOD?TIMER
            XDATA   12FCH     0006H     UNIT         ?XD?ACCELERO_OUTPUT_DATA?IB_SENSOR
            XDATA   1302H     0006H     UNIT         ?XD?_READIRSENSOR?IB_IR_SEN
            XDATA   1308H     0006H     UNIT         ?XD?_I2C_UINT16READ?IB_IR_SEN
            XDATA   130EH     0005H     UNIT         ?XD?_HAL_RTCINTSET?POWER
            XDATA   1313H     0005H     UNIT         ?XD?_HAL_PWM0SET_TIMERMODE?PWM
            XDATA   1318H     0005H     UNIT         ?XD?_HAL_PWM1SET_TIMERMODE?PWM
            XDATA   131DH     0005H     UNIT         ?XD?_HAL_PWM2SET_TIMERMODE?PWM
            XDATA   1322H     0005H     UNIT         ?XD?_HAL_PWM3SET_TIMERMODE?PWM
            XDATA   1327H     0005H     UNIT         ?XD?_HAL_PWM4SET_TIMERMODE?PWM
            XDATA   132CH     0005H     UNIT         ?XD?SECURITY
            XDATA   1331H     0004H     UNIT         ?XD?_HAL_GPIOINT0SET?GPIOINT
            XDATA   1335H     0004H     UNIT         ?XD?_HAL_GPIOINT1SET?GPIOINT
            XDATA   1339H     0004H     UNIT         ?XD?_HAL_GPIOINT3SET?GPIOINT
            XDATA   133DH     0004H     UNIT         ?XD?_HAL_I2CINTSET?I2C
            XDATA   1341H     0004H     UNIT         ?XD?HAL_SECTXNONCEFRAMECNTGET?SECURITY
            XDATA   1345H     0004H     UNIT         ?XD?HAL_SECRXNONCEFRAMECNTGET?SECURITY
            XDATA   1349H     0004H     UNIT         ?XD?TIMER
            XDATA   134DH     0004H     UNIT         ?XD?_SYS_UART0GET?UART
            XDATA   1351H     0004H     UNIT         ?XD?_SYS_UART1PUT_POLL?UART
            XDATA   1355H     0004H     UNIT         ?XD?_OUTDATA?UART
            XDATA   1359H     0004H     UNIT         ?XD?_HAL_IRTXNECINTSET?IRTX_NEC
            XDATA   135DH     0004H     UNIT         ?XD?_ZSCANF_UART0GET?UTIL_APP
            XDATA   1361H     0004H     UNIT         ?XD?_ZSCANF_UART1GET?UTIL_APP
            XDATA   1365H     0004H     UNIT         ?XD?_PAIR_PIB_COPY?IB_ZIGBEE
            XDATA   1369H     0004H     UNIT         ?XD?RAND?RAND
            XDATA   136DH     0003H     UNIT         ?XD?GPIOINT
            XDATA   1370H     0003H     UNIT         ?XD?_HAL_MCUIDLEMODE?POWER
            XDATA   1373H     0003H     UNIT         ?XD?_SYS_SPIMASTERPUTMULTIBYTES?SPI
            XDATA   1376H     0003H     UNIT         ?XD?_SYS_SPISLAVEPUTMULTIPLEBYTES?SPI
            XDATA   1379H     0003H     UNIT         ?XD?_LIB_EXPRESSFREQUENCYSET?MG2470_LIB
            XDATA   137CH     0003H     UNIT         ?XD?_DISPLAY_MACINFO?UTIL_APP
            XDATA   137FH     0003H     UNIT         ?XD?_DISPLAY_HIB?UTIL_APP
            XDATA   1382H     0003H     UNIT         ?XD?_CALCCHECKSUM?IB_PACKET
            XDATA   1385H     0003H     UNIT         ?XD?_SETDESTSHORTIEEEADDRESS?IB_ZIGBEE
            XDATA   1388H     0002H     UNIT         ?XD?EXTI
            XDATA   138AH     0002H     UNIT         ?XD?_HAL_RFTESTMODE?PHY
            XDATA   138CH     0002H     UNIT         ?XD?POWER
            XDATA   138EH     0002H     UNIT         ?XD?WDT
            XDATA   1390H     0002H     UNIT         ?XD?_ZPRINTF_UART1PUT?UTIL_APP
            XDATA   1392H     0002H     UNIT         ?XD?_APPLIB_DELAYFORUS?UTIL_APP
            XDATA   1394H     0002H     UNIT         ?XD?GETSENSOR_CURRENTDATA?IB_SENSOR
            XDATA   1396H     0002H     UNIT         ?XD?ZAPP_COMMANDINTERFACE?IB_UART
            XDATA   1398H     0002H     UNIT         ?XD?TMP007_INIT?IB_IR_SEN
            XDATA   139AH     0002H     UNIT         ?XD?_I2C_UINT16WRITE?IB_IR_SEN
            XDATA   139CH     0002H     UNIT         ?XD?IB_IR_SEN
BL51 BANKED LINKER/LOCATER V6.22                                                      01/28/2020  11:28:58  PAGE 5


            XDATA   139EH     0001H     UNIT         ?XD?CLOCK
            XDATA   139FH     0001H     UNIT         ?XD?FLASH
            XDATA   13A0H     0001H     UNIT         ?XD?_HAL_DATARATESET_ISR?PHY
            XDATA   13A1H     0001H     UNIT         ?XD?_HAL_MULTIDATARATESET?PHY
            XDATA   13A2H     0001H     UNIT         ?XD?_HAL_SECKEY1SET?SECURITY
            XDATA   13A3H     0001H     UNIT         ?XD?SYS_UART0RXLENGET?UART
            XDATA   13A4H     0001H     UNIT         ?XD?IRTX_NEC
            XDATA   13A5H     0001H     UNIT         ?XD?_MIN_MAXMODIFY?IB_SENSOR
            XDATA   13A6H     0001H     UNIT         ?XD?ZAPP_HOSTUARTPARSER?IB_UART
            XDATA   13A7H     0001H     UNIT         ?XD?ZAPP_HOSTUART0PARSER?IB_UART

            * * * * * * *   C O D E   M E M O R Y   * * * * * * *
            CODE    0000H     0003H     ABSOLUTE     
            CODE    0003H     0003H     ABSOLUTE     
            CODE    0006H     0005H     UNIT         ?PR?LIB_TAGINFOGET?MG2470_LIB
            CODE    000BH     0003H     ABSOLUTE     
            CODE    000EH     0004H     UNIT         ?PR?TIMER2_ISR?IB_MAIN_SEN
            CODE    0012H     0001H     UNIT         ?PR?DMA_ISR?IB_MAIN_SEN
            CODE    0013H     0003H     ABSOLUTE     
            CODE    0016H     0004H     UNIT         ?PR?AES_ISR?IB_MAIN_SEN
            CODE    001AH     0001H     UNIT         ?PR?INIT_EXTAMP?IB_MAIN_SEN
            CODE    001BH     0003H     ABSOLUTE     
            CODE    001EH     0004H     UNIT         ?PR?TIMER3_ISR?IB_MAIN_SEN
            CODE    0022H     0001H     UNIT         ?PR?GETSENSOR_ACCELDATA?IB_SENSOR
            CODE    0023H     0003H     ABSOLUTE     
            CODE    0026H     0003H     UNIT         ?PR?_HAL_PERICLOCK0SET?CLOCK
            CODE    0029H     0002H     UNIT         ?PR?APPLIB_DELAYFOR1US?UTIL_APP
            CODE    002BH     0003H     ABSOLUTE     
            CODE    002EH     0003H     UNIT         ?PR?_HAL_PERICLOCK1SET?CLOCK
                    0031H     0002H                  *** GAP ***
            CODE    0033H     0003H     ABSOLUTE     
            CODE    0036H     0003H     UNIT         ?PR?_HAL_PERICLOCK2SET?CLOCK
                    0039H     0002H                  *** GAP ***
            CODE    003BH     0003H     ABSOLUTE     
            CODE    003EH     0003H     UNIT         ?PR?HAL_TXREADY?PHY
                    0041H     0002H                  *** GAP ***
            CODE    0043H     0003H     ABSOLUTE     
            CODE    0046H     0003H     UNIT         ?PR?_CALLBACK_OOBRXFROMPHYISR?IB_MAIN_SEN
                    0049H     0002H                  *** GAP ***
            CODE    004BH     0003H     ABSOLUTE     
                    004EH     0005H                  *** GAP ***
            CODE    0053H     0003H     ABSOLUTE     
                    0056H     0005H                  *** GAP ***
            CODE    005BH     0003H     ABSOLUTE     
                    005EH     0005H                  *** GAP ***
            CODE    0063H     0003H     ABSOLUTE     
                    0066H     0005H                  *** GAP ***
            CODE    006BH     0003H     ABSOLUTE     
                    006EH     0005H                  *** GAP ***
            CODE    0073H     0003H     ABSOLUTE     
                    0076H     0005H                  *** GAP ***
            CODE    007BH     0003H     ABSOLUTE     
                    007EH     0005H                  *** GAP ***
            CODE    0083H     0003H     ABSOLUTE     
                    0086H     0005H                  *** GAP ***
            CODE    008BH     0003H     ABSOLUTE     
            CODE    008EH     0DF1H     UNIT         ?C?LIB_CODE
BL51 BANKED LINKER/LOCATER V6.22                                                      01/28/2020  11:28:58  PAGE 6


            CODE    0E7FH     017CH     UNIT         ?PR?_HAL_FLASHPAGEWRITE?FLASH
                    0FFBH     0005H                  *** GAP ***
            CODE    1000H     0200H     ABSOLUTE     
            CODE    1200H     0200H     ABSOLUTE     
            CODE    1400H     0200H     ABSOLUTE     
            CODE    1600H     0200H     ABSOLUTE     
            CODE    1800H     0919H     UNIT         ?C_INITSEG
            CODE    2119H     0917H     UNIT         ?PR?ZAPP_COMMANDINTERFACE?IB_UART
            CODE    2A30H     06FAH     UNIT         ?CO?IB_UART
            CODE    312AH     0483H     UNIT         ?PR?PRINTF?PRINTF
            CODE    35ADH     03ECH     UNIT         ?CO?UTIL_APP
            CODE    3999H     035CH     UNIT         ?PR?PHY_ISR?IB_MAIN_SEN
            CODE    3CF5H     0312H     UNIT         ?PR?_SYS_RXQUEUEPARSE?UTIL_SYS
            CODE    4007H     029CH     UNIT         ?PR?_APPLIB_MACDATAFRAMEMAKE?UTIL_APP
            CODE    42A3H     026DH     UNIT         ?PR?UTIL_APP
            CODE    4510H     024CH     UNIT         ?CO?IB_ZIGBEE
            CODE    475CH     022EH     UNIT         ?CO?IB_MAIN_SEN
            CODE    498AH     0217H     UNIT         ?PR?_ZSCANF_DECIMAL?UTIL_APP
            CODE    4BA1H     01FDH     UNIT         ?PR?APP_RF_RXPROCESS?IB_ZIGBEE
            CODE    4D9EH     01DDH     UNIT         ?PR?_DISPLAY_HIB?UTIL_APP
            CODE    4F7BH     01A7H     UNIT         ?PR?INIT_HIB?IB_MAIN_SEN
            CODE    5122H     0199H     UNIT         ?PR?_DISPLAY_MACINFO?UTIL_APP
            CODE    52BBH     0194H     UNIT         ?PR?_HAL_FLASHWRITE?FLASH
            CODE    544FH     0172H     UNIT         ?PR?LED_PROCESS?IB_MAIN_SEN
            CODE    55C1H     016EH     UNIT         ?PR?_USERCTRL_PACKET?IB_PACKET
            CODE    572FH     015AH     UNIT         ?PR?_LIB_FREQUENCYSET_FOR_16MHZCRYSTAL?MG2470_LIB
            CODE    5889H     014CH     UNIT         ?PR?_HAL_UARTBAUDRATEPARAMETERGET?UART
            CODE    59D5H     0141H     UNIT         ?C_C51STARTUP
            CODE    5B16H     013CH     UNIT         ?PR?_LIB_EXPRESSFREQUENCYSET?MG2470_LIB
            CODE    5C52H     0120H     UNIT         ?CO?UART
            CODE    5D72H     011AH     UNIT         ?PR?_HAL_POWERDOWNMODE1?POWER
            CODE    5E8CH     011AH     UNIT         ?PR?_LIB_TXPOWERSET?MG2470_LIB
            CODE    5FA6H     0118H     UNIT         ?PR?_HAL_SECDECRYPTIONCCM32?SECURITY
            CODE    60BEH     0118H     UNIT         ?PR?UART1_ISR?IB_MAIN_SEN
            CODE    61D6H     0116H     UNIT         ?PR?BROADCAST_REQUEST?IB_PACKET
            CODE    62ECH     0112H     UNIT         ?PR?PAIR_DISPLAY_TABLE?IB_ZIGBEE
            CODE    63FEH     010EH     UNIT         ?PR?_APP_DATA_TRANSMIT?IB_PACKET
            CODE    650CH     010CH     UNIT         ?PR?_HAL_POWERDOWNMODE2?POWER
            CODE    6618H     0104H     UNIT         ?PR?UART0_ISR?IB_MAIN_SEN
            CODE    671CH     00FEH     UNIT         ?PR?_HAL_SECENCRYPTIONCCM32?SECURITY
            CODE    681AH     00FDH     UNIT         ?PR?_HAL_I2CMASTER_RANDOMREAD?I2C
            CODE    6917H     00FCH     UNIT         ?PR?IB_MAIN_SEN
            CODE    6A13H     00FBH     UNIT         ?PR?_HAL_TIMER3INTSET?TIMER
            CODE    6B0EH     00FBH     UNIT         ?PR?ZAPP_HOSTUARTPARSER?IB_UART
            CODE    6C09H     00F9H     UNIT         ?PR?IB_SENSOR
            CODE    6D02H     00F9H     UNIT         ?PR?IB_UART
            CODE    6DFBH     00F3H     UNIT         ?PR?POWER
            CODE    6EEEH     00F3H     UNIT         ?PR?_ZSCANF?UTIL_APP
            CODE    6FE1H     00F2H     UNIT         ?PR?_SYS_ADCCALIB?ADC
            CODE    70D3H     00F1H     UNIT         ?PR?_MIN_MAXMODIFY?IB_SENSOR
            CODE    71C4H     00EEH     UNIT         ?PR?_HAL_SPIINTSET?SPI
            CODE    72B2H     00EDH     UNIT         ?PR?FLASH
            CODE    739FH     00EDH     UNIT         ?PR?_HAL_TIMER2INTSET?TIMER
            CODE    748CH     00EDH     UNIT         ?PR?LIB_TXREADY?MG2470_LIB
            CODE    7579H     00ECH     UNIT         ?PR?SECURITY
            CODE    7665H     00EBH     UNIT         ?PR?_HAL_POWERDOWNMODE3?POWER
            CODE    7750H     00E8H     UNIT         ?PR?_HAL_I2CMASTER_SEQUENTIALREAD?I2C
BL51 BANKED LINKER/LOCATER V6.22                                                      01/28/2020  11:28:58  PAGE 7


            CODE    7838H     00E7H     UNIT         ?PR?_DISPLAY_MIB?UTIL_APP
            CODE    791FH     00E3H     UNIT         ?PR?_ZSCANFBYTE?UTIL_APP
            CODE    7A02H     00E0H     UNIT         ?PR?_MOVINGAVERAGE?IB_SENSOR
            CODE    7AE2H     00DFH     UNIT         ?PR?APP_RF_TXPROCESS?IB_ZIGBEE
            CODE    7BC1H     00DEH     UNIT         ?PR?_LIB_MODEMINIT?MG2470_LIB
            CODE    7C9FH     00D1H     UNIT         ?PR?INIT_SYSCONFIG?IB_MAIN_SEN
            CODE    7D70H     00D1H     UNIT         ?PR?_MALLOC?MALLOC
            CODE    7E41H     00D0H     UNIT         ?PR?HAL_TXFIFOTRANSMIT?PHY
            CODE    7F11H     00CDH     UNIT         ?PR?TEMPCONVERT?IB_TEMP_SEN
            CODE    7FDEH     00CAH     UNIT         ?PR?_HAL_UART0INTSET?UART
            CODE    80A8H     00CAH     UNIT         ?PR?_HAL_UART1INTSET?UART
            CODE    8172H     00C8H     UNIT         ?PR?_HAL_FLASHREAD?FLASH
            CODE    823AH     00BFH     UNIT         ?PR?_HAL_GPIO3INOUTSET?GPIO
            CODE    82F9H     00BDH     UNIT         ?PR?_HAL_GPIO0INOUTSET?GPIO
            CODE    83B6H     00BDH     UNIT         ?PR?_HAL_GPIO1INOUTSET?GPIO
            CODE    8473H     00BDH     UNIT         ?PR?_HAL_CHANNELSET?PHY
            CODE    8530H     00BDH     UNIT         ?PR?INIT_FLASHDEFAULT?IB_MAIN_SEN
            CODE    85EDH     00BDH     UNIT         ?PR?_PER_PACKET?IB_PACKET
            CODE    86AAH     00B9H     UNIT         ?PR?_LIB_FREQUENCYSET?MG2470_LIB
            CODE    8763H     00B4H     UNIT         ?PR?_HAL_I2CMASTER_RANDOMWRITE?I2C
            CODE    8817H     00B3H     UNIT         ?PR?UART
            CODE    88CAH     00B3H     UNIT         ?PR?TIMER0_ISR?IB_MAIN_SEN
            CODE    897DH     00B1H     UNIT         ?PR?_HAL_I2CMASTER_SEQUENTIALWRITE?I2C
            CODE    8A2EH     00B0H     UNIT         ?PR?_HAL_GPIOINT0SET?GPIOINT
            CODE    8ADEH     00B0H     UNIT         ?PR?_HAL_GPIOINT1SET?GPIOINT
            CODE    8B8EH     00ADH     UNIT         ?PR?ACCELERO_OUTPUT_DATA?IB_SENSOR
            CODE    8C3BH     00A8H     UNIT         ?PR?SPI_ISR?IB_MAIN_SEN
            CODE    8CE3H     009EH     UNIT         ?PR?_HAL_GPIOINT3SET?GPIOINT
            CODE    8D81H     009EH     UNIT         ?PR?_HAL_MODEMON?PHY
            CODE    8E1FH     009DH     UNIT         ?PR?_OUTDATA?UART
            CODE    8EBCH     009DH     UNIT         ?PR?MG2470_LIB
            CODE    8F59H     009CH     UNIT         ?PR?TX_WAIT_PROCESS?IB_ZIGBEE
            CODE    8FF5H     009AH     UNIT         ?PR?I2C
            CODE    908FH     0098H     UNIT         ?PR?_HAL_ACKTRANSMIT?PHY
            CODE    9127H     0097H     UNIT         ?PR?_ZPRINTF?UTIL_APP
            CODE    91BEH     0095H     UNIT         ?PR?ZAPP_HOSTUART0PARSER?IB_UART
            CODE    9253H     0093H     UNIT         ?PR?UTIL_SYS
            CODE    92E6H     0090H     UNIT         ?PR?_HAL_TIMER0INTSET?TIMER
            CODE    9376H     0090H     UNIT         ?PR?TIMER
            CODE    9406H     0090H     UNIT         ?PR?IB_PACKET
            CODE    9496H     008DH     UNIT         ?PR?TMP007_INIT?IB_IR_SEN
            CODE    9523H     008BH     UNIT         ?PR?_SYS_ADCCALIBGET_ONCE?ADC
            CODE    95AEH     008AH     UNIT         ?PR?_HAL_TIMER1INTSET?TIMER
            CODE    9638H     0088H     UNIT         ?PR?PWM
            CODE    96C0H     0085H     UNIT         ?PR?_HAL_RFTESTMODE?PHY
            CODE    9745H     0082H     UNIT         ?PR?_PAIR_TABLE_SAVE?IB_ZIGBEE
            CODE    97C7H     0080H     UNIT         ?PR?IB_ZIGBEE
            CODE    9847H     007DH     UNIT         ?PR?_HAL_IRTXNECINTSET?IRTX_NEC
            CODE    98C4H     007BH     UNIT         ?PR?_LIB_AGCSET?MG2470_LIB
            CODE    993FH     007AH     UNIT         ?PR?_SYS_ADCSET?ADC
            CODE    99B9H     0078H     UNIT         ?PR?_HAL_DATARATESET?PHY
            CODE    9A31H     0077H     UNIT         ?PR?CALCCURRENT_ADCVOLT?IB_SENSOR
            CODE    9AA8H     0077H     UNIT         ?PR?CALCOVERCURRENT_ADCVOLT?IB_SENSOR
            CODE    9B1FH     0076H     UNIT         ?PR?_HAL_MCUIDLEMODE?POWER
            CODE    9B95H     0076H     UNIT         ?PR?_ZPRINTF_UARTINTERRUPTCHECK?UTIL_APP
            CODE    9C0BH     0075H     UNIT         ?PR?INIT_VERDISPLAY?IB_MAIN_SEN
            CODE    9C80H     0074H     UNIT         ?PR?_SYS_PWM4SET_PWMMODE?PWM
BL51 BANKED LINKER/LOCATER V6.22                                                      01/28/2020  11:28:58  PAGE 8


            CODE    9CF4H     0074H     UNIT         ?PR?_ZPRINTF_UARTINTERRUPTCHECKPUT?UTIL_APP
            CODE    9D68H     0071H     UNIT         ?PR?_SYS_PWM2SET_PWMMODE?PWM
            CODE    9DD9H     0071H     UNIT         ?PR?_SYS_PWM3SET_PWMMODE?PWM
            CODE    9E4AH     0071H     UNIT         ?PR?_READIRSENSOR?IB_IR_SEN
            CODE    9EBBH     006EH     UNIT         ?PR?_SYS_PWM0SET_PWMMODE?PWM
            CODE    9F29H     006EH     UNIT         ?PR?_SYS_PWM1SET_PWMMODE?PWM
            CODE    9F97H     006DH     UNIT         RADIOPUSE_MEMCPY
            CODE    A004H     006CH     UNIT         ?PR?SENSOROUT?IB_SENSOR
            CODE    A070H     006AH     UNIT         ?PR?_HAL_PWM4SET_PWMMODE?PWM
            CODE    A0DAH     006AH     UNIT         ?PR?_LIB_RFTESTMODE?MG2470_LIB
            CODE    A144H     0069H     UNIT         ?PR?_LIB_FLASHPARKING?MG2470_LIB
            CODE    A1ADH     0067H     UNIT         ?PR?_HAL_PWM0SET_PWMMODE?PWM
            CODE    A214H     0067H     UNIT         ?PR?_HAL_PWM1SET_PWMMODE?PWM
            CODE    A27BH     0067H     UNIT         ?PR?_HAL_PWM2SET_PWMMODE?PWM
            CODE    A2E2H     0067H     UNIT         ?PR?_HAL_PWM3SET_PWMMODE?PWM
            CODE    A349H     0067H     UNIT         ?PR?_DISPLAY_BUFFER?UTIL_APP
            CODE    A3B0H     0067H     UNIT         ?PR?_INIT_PER?IB_PACKET
            CODE    A417H     0065H     UNIT         ?PR?_APPLIB_TXFIFOTRANSMIT?UTIL_APP
            CODE    A47CH     0064H     UNIT         ?PR?_HAL_I2CINTSET?I2C
            CODE    A4E0H     0063H     UNIT         ?PR?SECURITY_MATERIAL?IB_ZIGBEE
            CODE    A543H     0061H     UNIT         ?PR?PWM_ISR?IB_MAIN_SEN
            CODE    A5A4H     0061H     UNIT         ?PR?INIT_MIB?IB_MAIN_SEN
            CODE    A605H     0060H     UNIT         ?PR?_AVGBUFFERINIT?IB_SENSOR
            CODE    A665H     0060H     UNIT         ?PR?SETTXWAITTIMER?IB_ZIGBEE
            CODE    A6C5H     005CH     UNIT         ?PR?INIT_SETHAL?IB_MAIN_SEN
            CODE    A721H     005CH     UNIT         ?PR?SENSORREADINGPROCESS?IB_SENSOR
            CODE    A77DH     0059H     UNIT         ?PR?_HAL_ADCSET?ADC
            CODE    A7D6H     0059H     UNIT         ?PR?_SYS_UART1PUT?UART
            CODE    A82FH     0058H     UNIT         ?PR?_SYS_UART0PUT?UART
            CODE    A887H     0058H     UNIT         ?PR?_LIB_DATARATESET?MG2470_LIB
            CODE    A8DFH     0058H     UNIT         ?PR?_FLOATTOHEX?IB_SENSOR
            CODE    A937H     0057H     UNIT         ?PR?_SYS_ADCCALIBGET?ADC
            CODE    A98EH     0057H     UNIT         ?PR?APP_GET2BYTERANDWAIT?IB_ZIGBEE
            CODE    A9E5H     0056H     UNIT         ?PR?_HAL_MCUPERICLOCKSET?CLOCK
            CODE    AA3BH     0055H     UNIT         ?PR?_SYS_UART1GET?UART
            CODE    AA90H     0055H     UNIT         ?PR?PAIR_PIB_SAVE?IB_ZIGBEE
            CODE    AAE5H     001BH     UNIT         ?PR?_HAL_PWMINTMODESET?PWM
            CODE    AB00H     0054H     PAGE         ?BANK?SWITCH
            CODE    AB54H     0054H     UNIT         ?PR?_SYS_UART0GET?UART
            CODE    ABA8H     0050H     UNIT         ?PR?INIT_SENSOR?IB_MAIN_SEN
            CODE    ABF8H     004FH     UNIT         ?PR?INIT_ADC?IB_MAIN_SEN
            CODE    AC47H     004EH     UNIT         ?PR?PHY
            CODE    AC95H     004DH     UNIT         ?PR?ACCELSENSOR_INIT?IB_SENSOR
            CODE    ACE2H     004DH     UNIT         ?PR?RAND?RAND
            CODE    AD2FH     004CH     UNIT         ?PR?_HAL_DATARATESET_ISR?PHY
            CODE    AD7BH     004CH     UNIT         ?PR?_SYS_UART0PUT_POLL?UART
            CODE    ADC7H     004CH     UNIT         ?PR?_SYS_UART1PUT_POLL?UART
            CODE    AE13H     004CH     UNIT         ?PR?SETTXINITWAITTIME?IB_ZIGBEE
            CODE    AE5FH     004AH     UNIT         ?PR?_HAL_TIMER0INTSET_SHORTPERIOD?TIMER
            CODE    AEA9H     004AH     UNIT         ?PR?_HAL_TIMER1INTSET_SHORTPERIOD?TIMER
            CODE    AEF3H     004AH     UNIT         ?PR?I2C_ISR?IB_MAIN_SEN
            CODE    AF3DH     004AH     UNIT         ?PR?MAIN?IB_MAIN_SEN
            CODE    AF87H     004AH     UNIT         ?PR?_VSPRINTF?VSPRINTF
            CODE    AFD1H     0048H     UNIT         ?PR?_HAL_RXENABLE?PHY
            CODE    B019H     0048H     UNIT         ?CO?PHY
            CODE    B061H     0048H     UNIT         ?PR?PER_RESPPROCESS?IB_ZIGBEE
            CODE    B0A9H     0047H     UNIT         ?PR?_HAL_RTCINTSET?POWER
BL51 BANKED LINKER/LOCATER V6.22                                                      01/28/2020  11:28:58  PAGE 9


            CODE    B0F0H     0047H     UNIT         ?PR?_HAL_POWERDOWNGPIO0WAKEUPSOURCESET?POWER
            CODE    B137H     0047H     UNIT         ?PR?_HAL_POWERDOWNGPIO1WAKEUPSOURCESET?POWER
            CODE    B17EH     0047H     UNIT         ?PR?_HAL_POWERDOWNGPIO3WAKEUPSOURCESET?POWER
            CODE    B1C5H     0046H     UNIT         ?PR?_SENDDATAPACKET?IB_PACKET
            CODE    B20BH     0044H     UNIT         ?PR?GETSENSOR_TEMPDATA?IB_TEMP_SEN
            CODE    B24FH     0044H     UNIT         ?C?LDIV
            CODE    B293H     0043H     UNIT         ?PR?_SYS_ADCGET?ADC
            CODE    B2D6H     0042H     UNIT         ?PR?SENSORDATABUFF_INIT?IB_SENSOR
            CODE    B318H     0041H     UNIT         ?PR?_SYS_SPISLAVEGET?SPI
            CODE    B359H     0041H     UNIT         ?PR?_SYS_HIBCOPY?HIB
            CODE    B39AH     0041H     UNIT         ?PR?_PAIR_PIB_COPY?IB_ZIGBEE
            CODE    B3DBH     0040H     UNIT         ?PR?_HAL_EXT0INTSET?EXTI
            CODE    B41BH     0040H     UNIT         ?PR?_HAL_EXT1INTSET?EXTI
            CODE    B45BH     0040H     UNIT         ?PR?_HAL_PWM0SET_TIMERMODE?PWM
            CODE    B49BH     0040H     UNIT         ?PR?_HAL_PWM1SET_TIMERMODE?PWM
            CODE    B4DBH     0040H     UNIT         ?PR?_HAL_PWM2SET_TIMERMODE?PWM
            CODE    B51BH     0040H     UNIT         ?PR?_HAL_PWM3SET_TIMERMODE?PWM
            CODE    B55BH     0040H     UNIT         ?PR?_HAL_PWM4SET_TIMERMODE?PWM
            CODE    B59BH     0040H     UNIT         ?PR?GETSENSOR_CURRENTDATA?IB_SENSOR
            CODE    B5DBH     0040H     UNIT         ?PR?CALCTEMPERATURE?IB_TEMP_SEN
            CODE    B61BH     003EH     UNIT         ?PR?_APPLIB_VIRTUALTIMERSET?UTIL_APP
            CODE    B659H     003DH     UNIT         ?PR?SETOPTIONDATA?IB_ZIGBEE
            CODE    B696H     003CH     UNIT         ?PR?_APPLIB_MACDATAREQUEST?UTIL_APP
            CODE    B6D2H     003CH     UNIT         ?PR?_INIT_MEMPOOL?INIT_MEM
            CODE    B70EH     003BH     UNIT         ?PR?_SYS_SPIMASTERPUTMULTIBYTES?SPI
            CODE    B749H     003AH     UNIT         ?CO?IB_IR_SEN
            CODE    B783H     0039H     UNIT         ?PR?_HAL_MULTIDATARATESET?PHY
            CODE    B7BCH     0039H     UNIT         ?PR?HAL_LOCKSTATECHECK?PHY
            CODE    B7F5H     0039H     UNIT         ?PR?_HAL_WDTSET?WDT
            CODE    B82EH     0039H     UNIT         ?PR?PAIRING_START?IB_ZIGBEE
            CODE    B867H     0038H     UNIT         ?PR?_HAL_FLASHPAGEERASE?FLASH
            CODE    B89FH     0038H     UNIT         ?PR?_HAL_IRTXNECTXDATA?IRTX_NEC
            CODE    B8D7H     0038H     UNIT         ?PR?_SETDESTSHORTIEEEADDRESS?IB_ZIGBEE
            CODE    B90FH     0037H     UNIT         ?PR?GPIO_ISR?IB_MAIN_SEN
            CODE    B946H     0036H     UNIT         ?PR?_I2C_UINT16READ?IB_IR_SEN
            CODE    B97CH     0035H     UNIT         ?PR?_SYS_DBMTOLQI?UTIL_SYS
            CODE    B9B1H     0035H     UNIT         ?PR?_DATAOUT?IB_SENSOR
            CODE    B9E6H     0034H     UNIT         ?PR?_SYS_ADCGET_ONCE?ADC
            CODE    BA1AH     0033H     UNIT         ?PR?SET_CHANNELPANID?IB_ZIGBEE
            CODE    BA4DH     0032H     UNIT         ?PR?HAL_IRTXNECTXCONT?IRTX_NEC
            CODE    BA7FH     0031H     UNIT         ?PR?_SYS_SPISLAVEPUTMULTIPLEBYTES?SPI
            CODE    BAB0H     0030H     UNIT         ?CO?MG2470_LIB
            CODE    BAE0H     0030H     UNIT         ?PR?_APPLIB_DELAYFORUS?UTIL_APP
            CODE    BB10H     002FH     UNIT         ?PR?_HAL_SECTXNONCEFRAMECNTSET?SECURITY
            CODE    BB3FH     002FH     UNIT         ?PR?_HAL_SECRXNONCEFRAMECNTSET?SECURITY
            CODE    BB6EH     002FH     UNIT         ?PR?_HAL_SECMICLENGTHSET?SECURITY
            CODE    BB9DH     002FH     UNIT         ?PR?RF_INIT_WAIT?IB_ZIGBEE
            CODE    BBCCH     002EH     UNIT         ?PR?_HAL_RFANALOGSLEEP?POWER
            CODE    BBFAH     002EH     UNIT         ?PR?HAL_SECTXNONCEFRAMECNTGET?SECURITY
            CODE    BC28H     002EH     UNIT         ?PR?HAL_SECRXNONCEFRAMECNTGET?SECURITY
            CODE    BC56H     002DH     UNIT         ?PR?_HAL_ADCBUFFMODESET?ADC
            CODE    BC83H     002DH     UNIT         ?PR?_SYS_WDTSET?WDT
            CODE    BCB0H     002DH     UNIT         ?PR?CHECKOVERCURRENT?IB_ZIGBEE
            CODE    BCDDH     002CH     UNIT         ?CO?IB_SENSOR
            CODE    BD09H     002AH     UNIT         ?PR?_HAL_ADCSAMPLERATESET?ADC
            CODE    BD33H     002AH     UNIT         ?PR?ADC
            CODE    BD5DH     0029H     UNIT         ?PR?_ZSCANF_UART0GET?UTIL_APP
BL51 BANKED LINKER/LOCATER V6.22                                                      01/28/2020  11:28:58  PAGE 10


            CODE    BD86H     0029H     UNIT         ?PR?_ZSCANF_UART1GET?UTIL_APP
            CODE    BDAFH     0029H     UNIT         ?PR?PAIRING_INIT?IB_ZIGBEE
            CODE    BDD8H     0028H     UNIT         ?PR?_HAL_SECTXNONCEEXTADDRSET?SECURITY
            CODE    BE00H     0028H     UNIT         ?PR?_HAL_SECRXNONCEEXTADDRSET?SECURITY
            CODE    BE28H     0028H     UNIT         ?PR?_?HAL_WDTRESTART?WDT
            CODE    BE50H     0028H     UNIT         ?PR?_SETTHIRDMAXVALUEINIT?IB_SENSOR
            CODE    BE78H     0027H     UNIT         ?PR?HAL_RFANALOGWAKEUP?POWER
            CODE    BE9FH     0027H     UNIT         ?PR?PUTCHAR?PUTCHAR
            CODE    BEC6H     0027H     UNIT         ?PR?TOINT?TOINT
            CODE    BEEDH     0026H     UNIT         ?PR?_HAL_GPIOPARAMETERCHECK?GPIO
            CODE    BF13H     0026H     UNIT         ?PR?_HAL_SECMODESET?SECURITY
            CODE    BF39H     0026H     UNIT         ?PR?WAKEUPSET?IB_ZIGBEE
            CODE    BF5FH     0025H     UNIT         ?PR?_HAL_SECKEY0SET?SECURITY
            CODE    BF84H     0025H     UNIT         ?PR?_HAL_SECKEY1SET?SECURITY
            CODE    BFA9H     0025H     UNIT         ?PR?PAIRING_RETRY?IB_ZIGBEE
            CODE    BFCEH     0024H     UNIT         ?PR?INIT_HAL_MODEM?IB_MAIN_SEN
            CODE    BFF2H     0023H     UNIT         ?PR?SYS_UART1RXLENGET?UART
            CODE    C015H     0023H     UNIT         ?PR?SYS_UART1TXLENGET?UART
            CODE    C038H     0023H     UNIT         ?PR?_ZPRINTF_UART0PUT?UTIL_APP
            CODE    C05BH     0023H     UNIT         ?PR?_ZPRINTF_UART1PUT?UTIL_APP
            CODE    C07EH     0023H     UNIT         ?PR?GETSENSOR_OVERCURRENTDATA?IB_SENSOR
            CODE    C0A1H     0023H     UNIT         ?PR?SLEEPSTART?IB_ZIGBEE
            CODE    C0C4H     0022H     UNIT         ?PR?SPI
            CODE    C0E6H     0022H     UNIT         ?PR?_ACCELSENSOR_PD_CONTROL?IB_SENSOR
            CODE    C108H     0021H     UNIT         ?PR?HAL_ADCGET?ADC
            CODE    C129H     0021H     UNIT         ?PR?SYS_UART0RXLENGET?UART
            CODE    C14AH     0021H     UNIT         ?PR?SYS_UART0TXLENGET?UART
            CODE    C16BH     0020H     UNIT         ?PR?_APPLIB_DELAY?UTIL_APP
            CODE    C18BH     0020H     UNIT         ?PR?WAKEUP_ISR?IB_MAIN_SEN
            CODE    C1ABH     0020H     UNIT         ?PR?INIT_RF_HAL?IB_MAIN_SEN
            CODE    C1CBH     001FH     UNIT         ?PR?_HAL_CCAMODESET?PHY
            CODE    C1EAH     001FH     UNIT         ?PR?_SYS_SPIMASTERPUT?SPI
            CODE    C209H     001FH     UNIT         ?PR?SYS_RXQUEUECLEAR?UTIL_SYS
            CODE    C228H     001FH     UNIT         ?PR?IRTX_ISR?IB_MAIN_SEN
            CODE    C247H     001FH     UNIT         ?PR?_CALCCHECKSUM?IB_PACKET
            CODE    C266H     001EH     UNIT         ?PR?HAL_I2CONECLOCKDELAY?I2C
            CODE    C284H     001DH     UNIT         ?PR?CHECKSENSORREADCOUNT?IB_SENSOR
            CODE    C2A1H     001DH     UNIT         ?PR?_SETDESTIEEEADDRESS?IB_ZIGBEE
            CODE    C2BEH     001CH     UNIT         ?PR?SYS_RXQUEUECHECK?UTIL_SYS
            CODE    C2DAH     001BH     UNIT         ?PR?_HAL_SECTXNONCEKEYSEQSET?SECURITY
            CODE    C2F5H     001BH     UNIT         ?PR?_HAL_SECRXNONCEKEYSEQSET?SECURITY
            CODE    C310H     001BH     UNIT         ?PR?_APPLIB_VIRTUALTIMERGET?UTIL_APP
            CODE    C32BH     001AH     UNIT         ?PR?_HAL_GPIOINTMODESET?GPIOINT
            CODE    C345H     001AH     UNIT         ?PR?HAL_TXFIFORESET?HMAC
            CODE    C35FH     001AH     UNIT         ?PR?HAL_RXFIFORESET?HMAC
            CODE    C379H     001AH     UNIT         ?PR?APPLIB_DELAYFOR500US?UTIL_APP
            CODE    C393H     001AH     UNIT         ?PR?APPLIB_DELAYFOR1MS?UTIL_APP
            CODE    C3ADH     001AH     UNIT         ?PR?_SYS_LQITODBM?UTIL_SYS
            CODE    C3C7H     001AH     UNIT         ?PR?_I2C_UINT16WRITE?IB_IR_SEN
            CODE    C3E1H     0019H     UNIT         ?PR?_HAL_PHYINTSET?PHY
            CODE    C3FAH     0019H     UNIT         ?PR?TIMER1_ISR?IB_MAIN_SEN
            CODE    C413H     0018H     UNIT         ?PR?_SYS_SPISLAVEPUT?SPI
            CODE    C42BH     0018H     UNIT         ?PR?PAIRING_SEND?IB_ZIGBEE
            CODE    C443H     0018H     UNIT         ?PR?_APP_GETRANDSEED?IB_ZIGBEE
            CODE    C45BH     0017H     UNIT         ?PR?_SYS_WDTRESET?WDT
            CODE    C472H     0017H     UNIT         ?PR?PAIRING_CHECK?IB_ZIGBEE
            CODE    C489H     0016H     UNIT         ?PR?EXTI
BL51 BANKED LINKER/LOCATER V6.22                                                      01/28/2020  11:28:58  PAGE 11


            CODE    C49FH     0016H     UNIT         ?PR?GPIO
            CODE    C4B5H     0015H     UNIT         ?PR?ST_ISR?IB_MAIN_SEN
            CODE    C4CAH     0015H     UNIT         ?PR?PAIRING_OK?IB_ZIGBEE
            CODE    C4DFH     0015H     UNIT         ?PR?IB_TEMP_SEN
            CODE    C4F4H     0015H     UNIT         ?PR?_STRLEN?STRLEN
            CODE    C509H     0014H     UNIT         ?PR?_SYS_UART0GET_POLL?UART
            CODE    C51DH     0014H     UNIT         ?PR?_SYS_UART1GET_POLL?UART
            CODE    C531H     0014H     UNIT         ?PR?IRTX_NEC
            CODE    C545H     0014H     UNIT         ?PR?_LIB_AMPCTRLSIGNALSET?MG2470_LIB
            CODE    C559H     0014H     UNIT         ?PR?INIT_GETMODE?IB_MAIN_SEN
            CODE    C56DH     0013H     UNIT         ?PR?SYS_UART0TXWORKING?UART
            CODE    C580H     0013H     UNIT         ?PR?SYS_UART1TXWORKING?UART
            CODE    C593H     0013H     UNIT         ?PR?EXT0_ISR?IB_MAIN_SEN
            CODE    C5A6H     0013H     UNIT         ?PR?EXT1_ISR?IB_MAIN_SEN
            CODE    C5B9H     0012H     UNIT         ?PR?SETTXWAITSTATUS?IB_ZIGBEE
            CODE    C5CBH     0011H     UNIT         ?PR?HAL_MODEMPOST?PHY
            CODE    C5DCH     0011H     UNIT         ?PR?PAIRING_FAIL?IB_ZIGBEE
            CODE    C5EDH     0010H     UNIT         ?PR?HAL_ADCDATACOUNTGET?ADC
            CODE    C5FDH     0010H     UNIT         ?PR?_HAL_AUTOCRCSET?HMAC
            CODE    C60DH     0010H     UNIT         ?PR?_HAL_ADDRDECODESET?HMAC
            CODE    C61DH     0010H     UNIT         ?PR?_HAL_COORDINATORSET?HMAC
            CODE    C62DH     0010H     UNIT         ?PR?_HAL_PREVENTACKSET?HMAC
            CODE    C63DH     0010H     UNIT         ?PR?_HAL_CORRELATIONSET?PHY
            CODE    C64DH     0010H     UNIT         ?PR?_HAL_TXPOWERSET?PHY
            CODE    C65DH     0010H     UNIT         ?PR?_HAL_AMPCTRLSIGNALSET?PHY
            CODE    C66DH     0010H     UNIT         ?PR?_HAL_SECTXKEYCHOICE?SECURITY
            CODE    C67DH     0010H     UNIT         ?PR?_HAL_SECRXKEYCHOICE?SECURITY
            CODE    C68DH     0010H     UNIT         ?PR?APPLIB_DELAYFOR2US?UTIL_APP
            CODE    C69DH     0010H     UNIT         ?PR?APPLIB_DELAYFOR10US?UTIL_APP
            CODE    C6ADH     0010H     UNIT         ?PR?APPLIB_DELAYFOR50US?UTIL_APP
            CODE    C6BDH     0010H     UNIT         ?PR?APPLIB_DELAYFOR100US?UTIL_APP
            CODE    C6CDH     000FH     UNIT         ?PR?_HAL_IEEEADDRSET?HMAC
            CODE    C6DCH     000FH     UNIT         ?PR?HAL_ENERGYLEVELGET?PHY
            CODE    C6EBH     000EH     UNIT         ?PR?HAL_ADCDECIMATORRESET?ADC
            CODE    C6F9H     000EH     UNIT         ?PR?_HAL_MODEMINIT?PHY
            CODE    C707H     000EH     UNIT         ?PR?_HAL_AMPCTRLGPIO1SET?PHY
            CODE    C715H     000EH     UNIT         ?PR?HAL_SPIMASTERCSNSELECT?SPI
            CODE    C723H     000DH     UNIT         ?BANK?SELECT
            CODE    C730H     000DH     UNIT         ?PR?HMAC
            CODE    C73DH     000DH     UNIT         ?PR?_HAL_SPIMASTERCSNSET?SPI
            CODE    C74AH     000CH     UNIT         ?PR?SYS_ADCGET_VCCFORCALIB?ADC
            CODE    C756H     000CH     UNIT         ?PR?SYS_ADCGET_GNDFORCALIB?ADC
            CODE    C762H     000CH     UNIT         ?CO?ADC
            CODE    C76EH     000CH     UNIT         ?PR?LIB_FREQUENCYGET?MG2470_LIB
            CODE    C77AH     000CH     UNIT         ?PR?INITSLEEPWAIT?IB_ZIGBEE
            CODE    C786H     000CH     UNIT         ?PR?_ABS?ABS
            CODE    C792H     000BH     UNIT         ?PR?_HAL_GPIOCLOCKON?GPIO
            CODE    C79DH     000BH     UNIT         ?PR?_HAL_GPIOINT0CLOCKON?GPIOINT
            CODE    C7A8H     000BH     UNIT         ?PR?_HAL_GPIOINT1CLOCKON?GPIOINT
            CODE    C7B3H     000BH     UNIT         ?PR?_HAL_GPIOINT3CLOCKON?GPIOINT
            CODE    C7BEH     000BH     UNIT         ?PR?HAL_MACINIT?HMAC
            CODE    C7C9H     000BH     UNIT         ?PR?_HAL_I2CCLOCKON?I2C
            CODE    C7D4H     000BH     UNIT         ?PR?_HAL_PWM0CLOCKON?PWM
            CODE    C7DFH     000BH     UNIT         ?PR?_HAL_PWM1CLOCKON?PWM
            CODE    C7EAH     000BH     UNIT         ?PR?_HAL_PWM2CLOCKON?PWM
            CODE    C7F5H     000BH     UNIT         ?PR?_HAL_PWM3CLOCKON?PWM
            CODE    C800H     000BH     UNIT         ?PR?_HAL_PWM4CLOCKON?PWM
BL51 BANKED LINKER/LOCATER V6.22                                                      01/28/2020  11:28:58  PAGE 12


            CODE    C80BH     000BH     UNIT         ?PR?_HAL_SPICLOCKON?SPI
            CODE    C816H     000BH     UNIT         ?PR?_HAL_TIMER0CLOCKON?TIMER
            CODE    C821H     000BH     UNIT         ?PR?_HAL_TIMER1CLOCKON?TIMER
            CODE    C82CH     000BH     UNIT         ?PR?_HAL_TIMER2CLOCKON?TIMER
            CODE    C837H     000BH     UNIT         ?PR?_HAL_TIMER3CLOCKON?TIMER
            CODE    C842H     000BH     UNIT         ?PR?_HAL_UART0CLOCKON?UART
            CODE    C84DH     000BH     UNIT         ?PR?_HAL_UART1CLOCKON?UART
            CODE    C858H     000BH     UNIT         ?PR?_HAL_WDTCLOCKON?WDT
            CODE    C863H     000BH     UNIT         ?PR?_HAL_IRTXCLOCKON?IRTX_NEC
            CODE    C86EH     000BH     UNIT         ?PR?TEMPSENSOR_INIT?IB_TEMP_SEN
            CODE    C879H     0009H     UNIT         ?PR?_HAL_PANIDSET?HMAC
            CODE    C882H     0009H     UNIT         ?PR?_HAL_SHORTADDRSET?HMAC
            CODE    C88BH     0009H     UNIT         ?PR?WDT
            CODE    C894H     0008H     UNIT         ?PR?GPIOINT
            CODE    C89CH     0008H     UNIT         ?PR?_HAL_PHYINTSOURCESET?PHY
            CODE    C8A4H     0008H     UNIT         ?PR?_HAL_SECTXNONCEEXTADDRGET?SECURITY
            CODE    C8ACH     0008H     UNIT         ?PR?_HAL_SECRXNONCEEXTADDRGET?SECURITY
            CODE    C8B4H     0008H     UNIT         ?PR?_HAL_SECTXLSET?SECURITY
            CODE    C8BCH     0008H     UNIT         ?PR?_HAL_SECRXLSET?SECURITY
            CODE    C8C4H     0008H     UNIT         ?PR?LIB_AMPCTRLGPIO1SET?MG2470_LIB
            CODE    C8CCH     0007H     UNIT         ?PR?HAL_FLASHWRITEPROTECTED?FLASH
            CODE    C8D3H     0007H     UNIT         ?PR?HAL_MODEMOFF?PHY
            CODE    C8DAH     0006H     UNIT         ?PR?HAL_FLASHWRITEUNPROTECTED?FLASH
            CODE    C8E0H     0006H     UNIT         ?PR?_HAL_MACCTRLSET?HMAC
            CODE    C8E6H     0006H     UNIT         ?PR?_HAL_SYSTEMINTSET?PHY
            CODE    C8ECH     0006H     UNIT         ?PR?_HAL_CCATHRESHOLDSET?PHY
            CODE    C8F2H     0006H     UNIT         ?PR?HAL_SECTXNONCEKEYSEQGET?SECURITY
            CODE    C8F8H     0006H     UNIT         ?PR?HAL_SECRXNONCEKEYSEQGET?SECURITY
            CODE    C8FEH     0006H     UNIT         ?PR?READTEMPSENSOR?IB_TEMP_SEN



OVERLAY MAP OF MODULE:   .\HEX\MG2470B_SSM_ZED_INS (?BANK?SWITCHING)


SEGMENT                                             BIT_GROUP          DATA_GROUP          XDATA_GROUP
  +--> CALLED SEGMENT                            START    LENGTH     START    LENGTH     START    LENGTH
--------------------------------------------------------------------------------------------------------
?C_C51STARTUP                                    -----    -----      -----    -----      -----    -----
  +--> ?PR?MAIN?IB_MAIN_SEN
  +--> ?C_INITSEG

?PR?MAIN?IB_MAIN_SEN                             -----    -----      -----    -----      -----    -----
  +--> ?PR?_HAL_MCUPERICLOCKSET?CLOCK
  +--> ?PR?_SYS_WDTSET?WDT
  +--> ?PR?INIT_SYSCONFIG?IB_MAIN_SEN
  +--> ?PR?_INIT_MEMPOOL?INIT_MEM
  +--> ?PR?INIT_HAL_MODEM?IB_MAIN_SEN
  +--> ?PR?INIT_GETMODE?IB_MAIN_SEN
  +--> ?PR?INIT_MIB?IB_MAIN_SEN
  +--> ?PR?INIT_FLASHDEFAULT?IB_MAIN_SEN
  +--> ?PR?SECURITY_MATERIAL?IB_ZIGBEE
  +--> ?PR?INIT_RF_HAL?IB_MAIN_SEN
  +--> ?PR?INIT_SENSOR?IB_MAIN_SEN
  +--> ?PR?HAL_LOCKSTATECHECK?PHY
  +--> ?PR?SENSORREADINGPROCESS?IB_SENSOR
  +--> ?PR?TX_WAIT_PROCESS?IB_ZIGBEE
BL51 BANKED LINKER/LOCATER V6.22                                                      01/28/2020  11:28:58  PAGE 13


  +--> ?PR?APP_RF_TXPROCESS?IB_ZIGBEE

?PR?_SYS_WDTSET?WDT                              -----    -----      -----    -----      -----    -----
  +--> ?PR?_HAL_WDTSET?WDT

?PR?_HAL_WDTSET?WDT                              -----    -----      -----    -----      -----    -----
  +--> ?PR?WDT

?PR?INIT_SYSCONFIG?IB_MAIN_SEN                   -----    -----      -----    -----      -----    -----
  +--> ?PR?_HAL_SYSTEMINTSET?PHY
  +--> ?PR?_HAL_GPIOCLOCKON?GPIO
  +--> ?PR?APPLIB_DELAYFOR1US?UTIL_APP
  +--> ?PR?_HAL_GPIO0INOUTSET?GPIO
  +--> ?PR?_HAL_GPIO1INOUTSET?GPIO
  +--> ?PR?_HAL_GPIO3INOUTSET?GPIO
  +--> ?CO?IB_MAIN_SEN
  +--> ?PR?_ZPRINTF?UTIL_APP
  +--> ?PR?SYS_UART1TXWORKING?UART
  +--> ?PR?_SYS_WDTRESET?WDT

?PR?_HAL_GPIO0INOUTSET?GPIO                      -----    -----      -----    -----      0CFEH    0002H
  +--> ?PR?GPIO

?PR?GPIO                                         -----    -----      -----    -----      -----    -----
  +--> ?PR?_HAL_GPIOPARAMETERCHECK?GPIO

?PR?_HAL_GPIO1INOUTSET?GPIO                      -----    -----      -----    -----      0CFEH    0002H
  +--> ?PR?GPIO

?PR?_HAL_GPIO3INOUTSET?GPIO                      -----    -----      -----    -----      0CFEH    0002H
  +--> ?PR?GPIO

?PR?_ZPRINTF?UTIL_APP                            -----    -----      -----    -----      0D56H    0070H
  +--> ?PR?_ZPRINTF_UARTINTERRUPTCHECK?UTIL_APP
  +--> ?PR?UTIL_APP
  +--> ?PR?_VSPRINTF?VSPRINTF
  +--> ?PR?_ZPRINTF_UART0PUT?UTIL_APP

?PR?_ZPRINTF_UARTINTERRUPTCHECK?UTIL_APP         -----    -----      -----    -----      0DC6H    0004H
  +--> ?CO?UTIL_APP
  +--> ?PR?_ZPRINTF_UARTINTERRUPTCHECKPUT?UT...

?PR?_ZPRINTF_UARTINTERRUPTCHECKPUT?UT...         -----    -----      -----    -----      0DCAH    0005H
  +--> ?PR?UTIL_APP
  +--> ?PR?_STRLEN?STRLEN

?PR?UTIL_APP                                     -----    -----      -----    -----      -----    -----
  +--> ?CO?UTIL_APP

?PR?_VSPRINTF?VSPRINTF                           -----    -----      -----    -----      0DC6H    0006H
  +--> ?PR?PRINTF?PRINTF

?PR?PRINTF?PRINTF                                0020H.0  0001H.1    0008H    0005H      0DCCH    0030H
  +--> ?PR?PUTCHAR?PUTCHAR

?PR?_ZPRINTF_UART0PUT?UTIL_APP                   -----    -----      -----    -----      0DC6H    0002H
  +--> ?PR?_SYS_UART0PUT?UART
BL51 BANKED LINKER/LOCATER V6.22                                                      01/28/2020  11:28:58  PAGE 14


  +--> ?PR?_SYS_UART0PUT_POLL?UART

?PR?_SYS_UART0PUT?UART                           -----    -----      -----    -----      -----    -----
  +--> ?PR?SYS_UART0TXLENGET?UART
  +--> ?PR?UART

?PR?SYS_UART0TXLENGET?UART                       -----    -----      -----    -----      0DC8H    0001H
  +--> ?PR?UART

?PR?_SYS_UART0PUT_POLL?UART                      -----    -----      -----    -----      0DC8H    0004H
  +--> ?PR?UART

?PR?_SYS_WDTRESET?WDT                            -----    -----      -----    -----      -----    -----
  +--> ?PR?WDT

?PR?INIT_HAL_MODEM?IB_MAIN_SEN                   -----    -----      -----    -----      -----    -----
  +--> ?PR?_HAL_MODEMINIT?PHY
  +--> ?PR?_HAL_MODEMON?PHY
  +--> ?CO?IB_MAIN_SEN
  +--> ?PR?_ZPRINTF?UTIL_APP
  +--> ?PR?_SYS_WDTRESET?WDT
  +--> ?PR?HAL_MODEMPOST?PHY

?PR?_HAL_MODEMINIT?PHY                           -----    -----      -----    -----      -----    -----
  +--> ?PR?_LIB_MODEMINIT?MG2470_LIB

?PR?_LIB_MODEMINIT?MG2470_LIB                    -----    -----      -----    -----      -----    -----
  +--> ?PR?MG2470_LIB

?PR?_HAL_MODEMON?PHY                             -----    -----      -----    -----      0D28H    0005H
  +--> ?PR?_HAL_PHYINTSOURCESET?PHY
  +--> ?PR?PHY

?PR?HAL_MODEMPOST?PHY                            -----    -----      -----    -----      -----    -----
  +--> ?PR?_HAL_PHYINTSOURCESET?PHY
  +--> ?PR?_HAL_CCAMODESET?PHY
  +--> ?PR?_HAL_CORRELATIONSET?PHY

?PR?INIT_GETMODE?IB_MAIN_SEN                     -----    -----      -----    -----      -----    -----
  +--> ?PR?_HAL_POWERDOWNMODE1?POWER

?PR?_HAL_POWERDOWNMODE1?POWER                    -----    -----      -----    -----      0D1CH    000CH
  +--> ?PR?POWER
  +--> ?PR?HAL_MODEMOFF?PHY
  +--> ?PR?_SYS_WDTSET?WDT
  +--> ?PR?_HAL_MODEMON?PHY

?PR?INIT_MIB?IB_MAIN_SEN                         -----    -----      -----    -----      -----    -----
  +--> ?PR?INIT_HIB?IB_MAIN_SEN
  +--> ?PR?RAND?RAND

?PR?INIT_HIB?IB_MAIN_SEN                         -----    -----      -----    -----      0CFEH    0043H
  +--> ?PR?_SYS_HIBCOPY?HIB
  +--> ?PR?IB_MAIN_SEN
  +--> ?CO?IB_MAIN_SEN
  +--> ?PR?_ZPRINTF?UTIL_APP
  +--> ?PR?_APPLIB_VIRTUALTIMERSET?UTIL_APP
BL51 BANKED LINKER/LOCATER V6.22                                                      01/28/2020  11:28:58  PAGE 15


  +--> ?PR?_APPLIB_VIRTUALTIMERGET?UTIL_APP
  +--> ?PR?_SYS_UART1GET?UART
  +--> ?PR?_SYS_UART1PUT?UART

?PR?_SYS_HIBCOPY?HIB                             -----    -----      -----    -----      0D41H    0004H

?PR?_SYS_UART1GET?UART                           -----    -----      -----    -----      0D41H    0004H
  +--> ?PR?SYS_UART1RXLENGET?UART
  +--> ?PR?UART

?PR?SYS_UART1RXLENGET?UART                       -----    -----      -----    -----      0D45H    0001H
  +--> ?PR?UART

?PR?_SYS_UART1PUT?UART                           -----    -----      -----    -----      -----    -----
  +--> ?PR?SYS_UART1TXLENGET?UART
  +--> ?PR?UART

?PR?SYS_UART1TXLENGET?UART                       -----    -----      -----    -----      0D41H    0001H
  +--> ?PR?UART

?PR?INIT_FLASHDEFAULT?IB_MAIN_SEN                -----    -----      -----    -----      -----    -----
  +--> ?CO?IB_MAIN_SEN
  +--> ?PR?_ZPRINTF?UTIL_APP
  +--> ?PR?IB_MAIN_SEN
  +--> ?PR?SET_CHANNELPANID?IB_ZIGBEE

?PR?SECURITY_MATERIAL?IB_ZIGBEE                  -----    -----      -----    -----      -----    -----
  +--> ?PR?_HAL_SECKEY0SET?SECURITY
  +--> ?PR?_HAL_SECTXKEYCHOICE?SECURITY
  +--> ?PR?_HAL_SECRXKEYCHOICE?SECURITY
  +--> ?PR?_HAL_SECTXNONCEEXTADDRSET?SECURITY
  +--> ?PR?_HAL_SECRXNONCEEXTADDRSET?SECURITY

?PR?_HAL_SECKEY0SET?SECURITY                     -----    -----      -----    -----      0CFEH    0001H
  +--> ?PR?SECURITY

?PR?SECURITY                                     -----    -----      -----    -----      -----    -----
  +--> ?PR?_HAL_SECMICLENGTHSET?SECURITY

?PR?_HAL_SECTXNONCEEXTADDRSET?SECURITY           -----    -----      -----    -----      0CFEH    0001H
  +--> ?PR?SECURITY

?PR?_HAL_SECRXNONCEEXTADDRSET?SECURITY           -----    -----      -----    -----      0CFEH    0001H
  +--> ?PR?SECURITY

?PR?INIT_RF_HAL?IB_MAIN_SEN                      -----    -----      -----    -----      -----    -----
  +--> ?CO?IB_MAIN_SEN
  +--> ?PR?_ZPRINTF?UTIL_APP
  +--> ?PR?INIT_SETHAL?IB_MAIN_SEN
  +--> ?PR?INIT_EXTAMP?IB_MAIN_SEN

?PR?INIT_SETHAL?IB_MAIN_SEN                      -----    -----      -----    -----      -----    -----
  +--> ?PR?_HAL_CHANNELSET?PHY
  +--> ?CO?IB_MAIN_SEN
  +--> ?PR?IB_MAIN_SEN
  +--> ?PR?_ZPRINTF?UTIL_APP
  +--> ?PR?_HAL_PANIDSET?HMAC
BL51 BANKED LINKER/LOCATER V6.22                                                      01/28/2020  11:28:58  PAGE 16


  +--> ?PR?_HAL_SHORTADDRSET?HMAC
  +--> ?PR?_HAL_TXPOWERSET?PHY
  +--> ?PR?_HAL_DATARATESET?PHY
  +--> ?PR?_HAL_IEEEADDRSET?HMAC
  +--> ?PR?HAL_MACINIT?HMAC
  +--> ?PR?_HAL_RXENABLE?PHY
  +--> ?PR?_HAL_PHYINTSET?PHY

?PR?_HAL_CHANNELSET?PHY                          -----    -----      -----    -----      0D1CH    0002H
  +--> ?PR?PHY
  +--> ?PR?_HAL_RXENABLE?PHY
  +--> ?PR?_LIB_FREQUENCYSET?MG2470_LIB

?PR?_LIB_FREQUENCYSET?MG2470_LIB                 -----    -----      -----    -----      -----    -----
  +--> ?PR?MG2470_LIB
  +--> ?PR?_LIB_FREQUENCYSET_FOR_16MHZCRYSTA...

?PR?_LIB_FREQUENCYSET_FOR_16MHZCRYSTA...         -----    -----      -----    -----      0D1EH    0004H
  +--> ?PR?MG2470_LIB

?PR?_HAL_TXPOWERSET?PHY                          -----    -----      -----    -----      -----    -----
  +--> ?PR?_LIB_TXPOWERSET?MG2470_LIB

?PR?_LIB_TXPOWERSET?MG2470_LIB                   -----    -----      -----    -----      -----    -----
  +--> ?PR?MG2470_LIB

?PR?_HAL_DATARATESET?PHY                         -----    -----      -----    -----      0D1CH    0001H
  +--> ?PR?PHY
  +--> ?PR?_HAL_RXENABLE?PHY
  +--> ?PR?_LIB_DATARATESET?MG2470_LIB

?PR?_LIB_DATARATESET?MG2470_LIB                  -----    -----      -----    -----      -----    -----
  +--> ?PR?_LIB_AGCSET?MG2470_LIB

?PR?_LIB_AGCSET?MG2470_LIB                       -----    -----      -----    -----      -----    -----
  +--> ?PR?MG2470_LIB

?PR?HAL_MACINIT?HMAC                             -----    -----      -----    -----      -----    -----
  +--> ?PR?_HAL_MACCTRLSET?HMAC
  +--> ?PR?HAL_TXFIFORESET?HMAC
  +--> ?PR?HAL_RXFIFORESET?HMAC

?PR?HAL_TXFIFORESET?HMAC                         -----    -----      -----    -----      -----    -----
  +--> ?PR?HMAC

?PR?HAL_RXFIFORESET?HMAC                         -----    -----      -----    -----      -----    -----
  +--> ?PR?HMAC

?PR?INIT_SENSOR?IB_MAIN_SEN                      -----    -----      -----    -----      -----    -----
  +--> ?PR?_HAL_FLASHREAD?FLASH
  +--> ?PR?TEMPSENSOR_INIT?IB_TEMP_SEN
  +--> ?PR?INIT_ADC?IB_MAIN_SEN

?PR?_HAL_FLASHREAD?FLASH                         -----    -----      -----    -----      0CFEH    0011H
  +--> ?PR?FLASH

?PR?TEMPSENSOR_INIT?IB_TEMP_SEN                  -----    -----      -----    -----      -----    -----
BL51 BANKED LINKER/LOCATER V6.22                                                      01/28/2020  11:28:58  PAGE 17


  +--> ?PR?_AVGBUFFERINIT?IB_SENSOR

?PR?_AVGBUFFERINIT?IB_SENSOR                     -----    -----      -----    -----      0D00H    0004H
  +--> ?PR?IB_SENSOR
  +--> ?PR?_MALLOC?MALLOC

?PR?_MALLOC?MALLOC                               -----    -----      -----    -----      0D04H    0006H

?PR?INIT_ADC?IB_MAIN_SEN                         -----    -----      -----    -----      0CFEH    0002H
  +--> ?PR?_SYS_ADCGET_ONCE?ADC
  +--> ?CO?IB_MAIN_SEN
  +--> ?PR?IB_MAIN_SEN
  +--> ?PR?_ZPRINTF?UTIL_APP
  +--> ?PR?RAND?RAND
  +--> ?PR?_AVGBUFFERINIT?IB_SENSOR
  +--> ?PR?_SYS_ADCSET?ADC

?PR?_SYS_ADCGET_ONCE?ADC                         -----    -----      -----    -----      0D00H    0003H
  +--> ?PR?_SYS_ADCSET?ADC
  +--> ?PR?_SYS_ADCGET?ADC

?PR?_SYS_ADCSET?ADC                              -----    -----      -----    -----      -----    -----
  +--> ?PR?_HAL_ADCBUFFMODESET?ADC
  +--> ?PR?_HAL_ADCSET?ADC
  +--> ?PR?HAL_ADCDECIMATORRESET?ADC
  +--> ?CO?ADC
  +--> ?PR?ADC

?PR?_SYS_ADCGET?ADC                              -----    -----      -----    -----      -----    -----
  +--> ?PR?HAL_ADCGET?ADC

?PR?SENSORREADINGPROCESS?IB_SENSOR               -----    -----      -----    -----      -----    -----
  +--> ?PR?IB_SENSOR
  +--> ?PR?_SYS_ADCSET?ADC
  +--> ?PR?GETSENSOR_TEMPDATA?IB_TEMP_SEN
  +--> ?PR?CHECKSENSORREADCOUNT?IB_SENSOR
  +--> ?PR?CALCTEMPERATURE?IB_TEMP_SEN
  +--> ?PR?SETTXWAITSTATUS?IB_ZIGBEE

?PR?GETSENSOR_TEMPDATA?IB_TEMP_SEN               -----    -----      -----    -----      -----    -----
  +--> ?PR?_SYS_ADCSET?ADC
  +--> ?PR?_SYS_ADCCALIBGET?ADC

?PR?_SYS_ADCCALIBGET?ADC                         -----    -----      -----    -----      0CFEH    0006H
  +--> ?PR?_SYS_ADCGET?ADC
  +--> ?PR?ADC
  +--> ?PR?_SYS_ADCCALIB?ADC

?PR?_SYS_ADCCALIB?ADC                            -----    -----      -----    -----      0D04H    0012H
  +--> ?PR?ADC

?PR?CALCTEMPERATURE?IB_TEMP_SEN                  -----    -----      -----    -----      -----    -----
  +--> ?PR?TEMPCONVERT?IB_TEMP_SEN

?PR?TEMPCONVERT?IB_TEMP_SEN                      -----    -----      -----    -----      0CFEH    0005H
  +--> ?PR?IB_TEMP_SEN

BL51 BANKED LINKER/LOCATER V6.22                                                      01/28/2020  11:28:58  PAGE 18


?PR?TX_WAIT_PROCESS?IB_ZIGBEE                    -----    -----      -----    -----      -----    -----
  +--> ?PR?IB_ZIGBEE
  +--> ?PR?_APPLIB_VIRTUALTIMERGET?UTIL_APP
  +--> ?PR?SETTXWAITTIMER?IB_ZIGBEE
  +--> ?PR?HAL_RFANALOGWAKEUP?POWER
  +--> ?PR?_APPLIB_VIRTUALTIMERSET?UTIL_APP
  +--> ?PR?CHECKOVERCURRENT?IB_ZIGBEE
  +--> ?PR?SLEEPSTART?IB_ZIGBEE
  +--> ?PR?WAKEUPSET?IB_ZIGBEE

?PR?SETTXWAITTIMER?IB_ZIGBEE                     -----    -----      -----    -----      -----    -----
  +--> ?PR?IB_ZIGBEE
  +--> ?PR?_SYS_UART1PUT?UART
  +--> ?PR?RAND?RAND
  +--> ?PR?_APPLIB_VIRTUALTIMERSET?UTIL_APP

?PR?HAL_RFANALOGWAKEUP?POWER                     -----    -----      -----    -----      -----    -----
  +--> ?PR?HAL_MODEMOFF?PHY
  +--> ?PR?_HAL_MODEMON?PHY

?PR?SLEEPSTART?IB_ZIGBEE                         -----    -----      -----    -----      -----    -----
  +--> ?PR?_APPLIB_DELAY?UTIL_APP
  +--> ?PR?_HAL_POWERDOWNMODE1?POWER

?PR?_APPLIB_DELAY?UTIL_APP                       -----    -----      -----    -----      -----    -----
  +--> ?PR?APPLIB_DELAYFOR1MS?UTIL_APP
  +--> ?PR?UTIL_APP

?PR?APPLIB_DELAYFOR1MS?UTIL_APP                  -----    -----      -----    -----      -----    -----
  +--> ?PR?UTIL_APP

?PR?WAKEUPSET?IB_ZIGBEE                          -----    -----      -----    -----      -----    -----
  +--> ?PR?_HAL_RFANALOGSLEEP?POWER
  +--> ?PR?_SYS_ADCSET?ADC
  +--> ?PR?HAL_RFANALOGWAKEUP?POWER

?PR?_HAL_RFANALOGSLEEP?POWER                     -----    -----      -----    -----      0D1CH    0001H
  +--> ?PR?HAL_MODEMOFF?PHY

?PR?APP_RF_TXPROCESS?IB_ZIGBEE                   -----    -----      -----    -----      0CFEH    001EH
  +--> ?PR?_APPLIB_VIRTUALTIMERGET?UTIL_APP
  +--> ?PR?IB_ZIGBEE
  +--> ?PR?_APPLIB_VIRTUALTIMERSET?UTIL_APP
  +--> ?PR?RF_INIT_WAIT?IB_ZIGBEE
  +--> ?PR?_USERCTRL_PACKET?IB_PACKET
  +--> ?PR?_SENDDATAPACKET?IB_PACKET
  +--> ?PR?PER_RESPPROCESS?IB_ZIGBEE
  +--> ?PR?APP_RF_RXPROCESS?IB_ZIGBEE

?PR?RF_INIT_WAIT?IB_ZIGBEE                       -----    -----      -----    -----      -----    -----
  +--> ?PR?INIT_SETHAL?IB_MAIN_SEN
  +--> ?PR?INIT_EXTAMP?IB_MAIN_SEN
  +--> ?PR?INITSLEEPWAIT?IB_ZIGBEE
  +--> ?PR?SETTXINITWAITTIME?IB_ZIGBEE
  +--> ?PR?_APPLIB_VIRTUALTIMERGET?UTIL_APP
  +--> ?CO?IB_ZIGBEE
  +--> ?PR?_ZPRINTF?UTIL_APP
BL51 BANKED LINKER/LOCATER V6.22                                                      01/28/2020  11:28:58  PAGE 19



?PR?INITSLEEPWAIT?IB_ZIGBEE                      -----    -----      -----    -----      -----    -----
  +--> ?PR?INIT_SETHAL?IB_MAIN_SEN
  +--> ?PR?INIT_EXTAMP?IB_MAIN_SEN
  +--> ?PR?SLEEPSTART?IB_ZIGBEE
  +--> ?PR?WAKEUPSET?IB_ZIGBEE

?PR?SETTXINITWAITTIME?IB_ZIGBEE                  -----    -----      -----    -----      0D1CH    0002H
  +--> ?PR?APP_GET2BYTERANDWAIT?IB_ZIGBEE
  +--> ?CO?IB_ZIGBEE
  +--> ?PR?_ZPRINTF?UTIL_APP
  +--> ?PR?_APPLIB_VIRTUALTIMERSET?UTIL_APP

?PR?APP_GET2BYTERANDWAIT?IB_ZIGBEE               -----    -----      -----    -----      0D1EH    0003H
  +--> ?PR?_APP_GETRANDSEED?IB_ZIGBEE
  +--> ?PR?IB_ZIGBEE
  +--> ?PR?RAND?RAND

?PR?_APP_GETRANDSEED?IB_ZIGBEE                   -----    -----      -----    -----      0D21H    0002H
  +--> ?PR?RAND?RAND

?PR?_USERCTRL_PACKET?IB_PACKET                   -----    -----      -----    -----      0D1CH    0007H
  +--> ?PR?IB_PACKET
  +--> ?PR?_SETTHIRDMAXVALUEINIT?IB_SENSOR

?PR?_SETTHIRDMAXVALUEINIT?IB_SENSOR              -----    -----      -----    -----      -----    -----
  +--> ?PR?IB_SENSOR

?PR?_SENDDATAPACKET?IB_PACKET                    -----    -----      -----    -----      0D1CH    0004H
  +--> ?PR?_APP_DATA_TRANSMIT?IB_PACKET
  +--> ?PR?SENSOROUT?IB_SENSOR
  +--> ?PR?_DATAOUT?IB_SENSOR

?PR?_APP_DATA_TRANSMIT?IB_PACKET                 -----    -----      -----    -----      0D3BH    0094H
  +--> ?PR?IB_PACKET
  +--> ?PR?_HAL_SECENCRYPTIONCCM32?SECURITY
  +--> ?PR?_APPLIB_MACDATAREQUEST?UTIL_APP

?PR?_HAL_SECENCRYPTIONCCM32?SECURITY             -----    -----      -----    -----      0DCFH    000DH
  +--> ?PR?SECURITY
  +--> ?PR?_HAL_SECMODESET?SECURITY
  +--> ?PR?_HAL_SECTXNONCEFRAMECNTSET?SECURITY
  +--> ?PR?_HAL_SECTXNONCEKEYSEQSET?SECURITY
  +--> ?PR?_HAL_SECTXLSET?SECURITY

?PR?_HAL_SECTXNONCEFRAMECNTSET?SECURITY          -----    -----      -----    -----      0DDCH    0004H
  +--> ?PR?SECURITY

?PR?_HAL_SECTXNONCEKEYSEQSET?SECURITY            -----    -----      -----    -----      -----    -----
  +--> ?PR?SECURITY

?PR?_APPLIB_MACDATAREQUEST?UTIL_APP              -----    -----      -----    -----      0DCFH    0001H
  +--> ?PR?_APPLIB_MACDATAFRAMEMAKE?UTIL_APP
  +--> ?PR?_APPLIB_TXFIFOTRANSMIT?UTIL_APP

?PR?_APPLIB_MACDATAFRAMEMAKE?UTIL_APP            -----    -----      -----    -----      0DD0H    000BH
  +--> ?PR?UTIL_APP
BL51 BANKED LINKER/LOCATER V6.22                                                      01/28/2020  11:28:58  PAGE 20



?PR?_APPLIB_TXFIFOTRANSMIT?UTIL_APP              -----    -----      -----    -----      0DD0H    0005H
  +--> ?PR?HAL_TXFIFOTRANSMIT?PHY

?PR?HAL_TXFIFOTRANSMIT?PHY                       -----    -----      -----    -----      0DD5H    0001H
  +--> ?PR?HAL_TXREADY?PHY
  +--> ?PR?PHY
  +--> ?CO?PHY

?PR?HAL_TXREADY?PHY                              -----    -----      -----    -----      -----    -----
  +--> ?PR?LIB_TXREADY?MG2470_LIB

?PR?LIB_TXREADY?MG2470_LIB                       -----    -----      -----    -----      -----    -----
  +--> ?PR?MG2470_LIB

?PR?SENSOROUT?IB_SENSOR                          -----    -----      -----    -----      0D20H    0004H
  +--> ?CO?IB_SENSOR
  +--> ?PR?_ZPRINTF?UTIL_APP
  +--> ?PR?IB_SENSOR

?PR?_DATAOUT?IB_SENSOR                           -----    -----      -----    -----      0D20H    0004H
  +--> ?PR?_SYS_UART1PUT?UART

?PR?PER_RESPPROCESS?IB_ZIGBEE                    -----    -----      -----    -----      0D1CH    001FH
  +--> ?PR?_PER_PACKET?IB_PACKET
  +--> ?PR?_APP_DATA_TRANSMIT?IB_PACKET
  +--> ?PR?IB_ZIGBEE
  +--> ?PR?_SYS_UART1PUT?UART

?PR?_PER_PACKET?IB_PACKET                        -----    -----      -----    -----      0D3BH    0005H
  +--> ?PR?IB_PACKET

?PR?APP_RF_RXPROCESS?IB_ZIGBEE                   -----    -----      -----    -----      0D1CH    0029H
  +--> ?PR?SYS_RXQUEUECHECK?UTIL_SYS
  +--> ?PR?_SYS_RXQUEUEPARSE?UTIL_SYS
  +--> ?PR?_HAL_SECDECRYPTIONCCM32?SECURITY
  +--> ?PR?IB_ZIGBEE
  +--> ?PR?_SETDESTIEEEADDRESS?IB_ZIGBEE
  +--> ?PR?_PAIR_TABLE_SAVE?IB_ZIGBEE
  +--> ?CO?IB_ZIGBEE
  +--> ?PR?_ZPRINTF?UTIL_APP
  +--> ?PR?SETOPTIONDATA?IB_ZIGBEE
  +--> ?PR?_SYS_WDTRESET?WDT
  +--> ?PR?SYS_RXQUEUECLEAR?UTIL_SYS
  +--> ?PR?_APPLIB_DELAY?UTIL_APP

?PR?_SYS_RXQUEUEPARSE?UTIL_SYS                   -----    -----      -----    -----      0D45H    0007H
  +--> ?PR?UTIL_SYS

?PR?_HAL_SECDECRYPTIONCCM32?SECURITY             -----    -----      -----    -----      0D45H    000DH
  +--> ?PR?SECURITY
  +--> ?PR?_HAL_SECMODESET?SECURITY
  +--> ?PR?_HAL_SECRXNONCEFRAMECNTSET?SECURITY
  +--> ?PR?_HAL_SECRXNONCEKEYSEQSET?SECURITY
  +--> ?PR?_HAL_SECRXLSET?SECURITY

?PR?_HAL_SECRXNONCEFRAMECNTSET?SECURITY          -----    -----      -----    -----      0D52H    0004H
BL51 BANKED LINKER/LOCATER V6.22                                                      01/28/2020  11:28:58  PAGE 21


  +--> ?PR?SECURITY

?PR?_HAL_SECRXNONCEKEYSEQSET?SECURITY            -----    -----      -----    -----      -----    -----
  +--> ?PR?SECURITY

?PR?_SETDESTIEEEADDRESS?IB_ZIGBEE                -----    -----      -----    -----      -----    -----
  +--> ?PR?IB_ZIGBEE

?PR?_PAIR_TABLE_SAVE?IB_ZIGBEE                   -----    -----      -----    -----      0D45H    0002H
  +--> ?PR?IB_ZIGBEE
  +--> ?PR?PAIR_PIB_SAVE?IB_ZIGBEE
  +--> ?PR?PAIR_DISPLAY_TABLE?IB_ZIGBEE
  +--> ?CO?IB_ZIGBEE
  +--> ?PR?_ZPRINTF?UTIL_APP

?PR?PAIR_PIB_SAVE?IB_ZIGBEE                      -----    -----      -----    -----      0D47H    0003H
  +--> ?PR?HAL_FLASHWRITEUNPROTECTED?FLASH
  +--> ?PR?_HAL_FLASHPAGEWRITE?FLASH
  +--> ?PR?HAL_FLASHWRITEPROTECTED?FLASH
  +--> ?CO?IB_ZIGBEE
  +--> ?PR?_ZPRINTF?UTIL_APP

?PR?_HAL_FLASHPAGEWRITE?FLASH                    -----    -----      -----    -----      0D4AH    0014H
  +--> ?PR?FLASH
  +--> ?PR?_LIB_FLASHPARKING?MG2470_LIB
  +--> ?PR?_HAL_RXENABLE?PHY
  +--> ?PR?_?HAL_WDTRESTART?WDT
  +--> ?PR?_HAL_FLASHPAGEERASE?FLASH

?PR?_LIB_FLASHPARKING?MG2470_LIB                 -----    -----      -----    -----      -----    -----
  +--> ?PR?MG2470_LIB

?PR?_?HAL_WDTRESTART?WDT                         -----    -----      -----    -----      -----    -----
  +--> ?PR?WDT

?PR?_HAL_FLASHPAGEERASE?FLASH                    -----    -----      -----    -----      -----    -----
  +--> ?PR?FLASH

?PR?PAIR_DISPLAY_TABLE?IB_ZIGBEE                 -----    -----      -----    -----      0D47H    0004H
  +--> ?CO?IB_ZIGBEE
  +--> ?PR?IB_ZIGBEE
  +--> ?PR?_ZPRINTF?UTIL_APP
  +--> ?PR?_DISPLAY_MIB?UTIL_APP

?PR?_DISPLAY_MIB?UTIL_APP                        -----    -----      -----    -----      0D4BH    0003H
  +--> ?PR?UTIL_APP
  +--> ?PR?_ZPRINTF?UTIL_APP
  +--> ?CO?UTIL_APP
  +--> ?PR?_DISPLAY_BUFFER?UTIL_APP

?PR?_DISPLAY_BUFFER?UTIL_APP                     -----    -----      -----    -----      0D4EH    0008H
  +--> ?PR?UTIL_APP
  +--> ?PR?_ZPRINTF?UTIL_APP
  +--> ?CO?UTIL_APP

?PR?SETOPTIONDATA?IB_ZIGBEE                      -----    -----      -----    -----      -----    -----
  +--> ?PR?INIT_FLASHDEFAULT?IB_MAIN_SEN
BL51 BANKED LINKER/LOCATER V6.22                                                      01/28/2020  11:28:58  PAGE 22


  +--> ?PR?PAIR_PIB_SAVE?IB_ZIGBEE
  +--> ?PR?PAIR_DISPLAY_TABLE?IB_ZIGBEE

*** NEW ROOT ***************************************************

?PR?TIMER0_ISR?IB_MAIN_SEN                       -----    -----      -----    -----      -----    -----
  +--> ?PR?IB_MAIN_SEN
  +--> ?PR?_?HAL_WDTRESTART?WDT

*** NEW ROOT ***************************************************

?PR?UART0_ISR?IB_MAIN_SEN                        -----    -----      -----    -----      0DFCH    0002H
  +--> ?PR?IB_MAIN_SEN

*** NEW ROOT ***************************************************

?PR?IRTX_ISR?IB_MAIN_SEN                         -----    -----      -----    -----      0DFEH    0001H
  +--> ?PR?IB_MAIN_SEN

*** NEW ROOT ***************************************************

?PR?I2C_ISR?IB_MAIN_SEN                          -----    -----      -----    -----      0DFFH    0001H

*** NEW ROOT ***************************************************

?PR?UART1_ISR?IB_MAIN_SEN                        -----    -----      -----    -----      0E00H    0002H
  +--> ?PR?IB_MAIN_SEN

*** NEW ROOT ***************************************************

?PR?PHY_ISR?IB_MAIN_SEN                          -----    -----      -----    -----      0E02H    000FH
  +--> ?PR?IB_MAIN_SEN
  +--> ?PR?_CALLBACK_OOBRXFROMPHYISR?IB_MAIN...
  +--> ?PR?_HAL_ACKTRANSMIT?PHY

?PR?_HAL_ACKTRANSMIT?PHY                         -----    -----      -----    -----      0E11H    0001H
  +--> ?PR?PHY
  +--> ?CO?PHY

*** NEW ROOT ***************************************************

?PR?SPI_ISR?IB_MAIN_SEN                          -----    -----      -----    -----      0E12H    0002H
  +--> ?PR?IB_MAIN_SEN



SYMBOL TABLE OF MODULE:  .\HEX\MG2470B_SSM_ZED_INS (?BANK?SWITCHING)

  VALUE           TYPE          NAME
  ----------------------------------

  -------         MODULE        MG2470_LIB
  C:0000H         SYMBOL        _ICE_DUMMY_
  C:86AAH         PUBLIC        _LIB_FrequencySet
  D:0080H         PUBLIC        P0
  D:0090H         PUBLIC        P1
  D:00B0H         PUBLIC        P3
BL51 BANKED LINKER/LOCATER V6.22                                                      01/28/2020  11:28:58  PAGE 23


  D:00E8H         PUBLIC        EIE1
  C:0006H         PUBLIC        LIB_TagInfoGet
  D:00A8H         PUBLIC        IE
  D:00F8H         PUBLIC        EIP1
  C:98C4H         PUBLIC        _LIB_AGCSet
  C:C76EH         PUBLIC        LIB_FrequencyGet
  D:00B8H         PUBLIC        IP
  C:5E8CH         PUBLIC        _LIB_TxPowerSet
  C:7BC1H         PUBLIC        _LIB_ModemInit
  D:0088H         PUBLIC        TCON
  D:00C0H         PUBLIC        WCON
  C:572FH         PUBLIC        _LIB_FrequencySet_For_16MHzCrystal
  C:A887H         PUBLIC        _LIB_DataRateSet
  C:A144H         PUBLIC        _LIB_FlashParking
  C:A0DAH         PUBLIC        _LIB_RFTestMode
  C:BAB0H         PUBLIC        EVK_LIB_TAG
  D:00D8H         PUBLIC        EXIF2
  C:C545H         PUBLIC        _LIB_AmpCtrlSignalSet
  C:C8C4H         PUBLIC        LIB_AmpCtrlGpio1Set
  C:5B16H         PUBLIC        _LIB_ExpressFrequencySet
  D:00D0H         PUBLIC        PSW
  C:748CH         PUBLIC        LIB_TxReady
  C:8EBCH         SYMBOL        Com00BB
  C:8EBCH         SYMBOL        L?0188
  C:8ED3H         SYMBOL        L?0189
  C:8ED3H         SYMBOL        L?0190
  C:8EDFH         SYMBOL        L?0191
  C:8EDFH         SYMBOL        L?0192
  C:8EE1H         SYMBOL        L?0193
  C:8EE9H         SYMBOL        L?0194
  C:8EE9H         SYMBOL        L?0195
  C:8EF4H         SYMBOL        L?0196
  C:8F00H         SYMBOL        L?0197
  C:8F00H         SYMBOL        L?0198
  C:8F0CH         SYMBOL        L?0199
  C:8F0CH         SYMBOL        L?0200
  C:8F0EH         SYMBOL        L?0201
  C:8F16H         SYMBOL        L?0202
  C:8F16H         SYMBOL        L?0203
  C:8F22H         SYMBOL        L?0204
  C:8F22H         SYMBOL        L?0205
  C:8F2DH         SYMBOL        L?0206
  C:8F30H         SYMBOL        L?0207
  C:8F37H         SYMBOL        L?0208
  C:8F45H         SYMBOL        L?0209
  C:8F51H         SYMBOL        L?0210
  C:8F51H         SYMBOL        L?0211
  -------         PROC          COM00BB
  -------         ENDPROC       COM00BB
  -------         PROC          _LIB_AGCSET
  D:0007H         SYMBOL        u8DataRate
  C:98C4H         LINE#         115
  C:98C4H         LINE#         116
  C:98C4H         LINE#         117
  C:98CAH         LINE#         118
  C:98CAH         LINE#         119
  C:98D0H         LINE#         120
BL51 BANKED LINKER/LOCATER V6.22                                                      01/28/2020  11:28:58  PAGE 24


  C:98D4H         LINE#         121
  C:98D7H         LINE#         122
  C:98D7H         LINE#         123
  C:98DAH         LINE#         124
  C:98E0H         LINE#         125
  C:98E5H         LINE#         126
  C:98E5H         LINE#         127
  C:98E8H         LINE#         128
  C:98EDH         LINE#         129
  C:98EDH         LINE#         130
  C:98EDH         LINE#         131
  C:98EFH         LINE#         133
  C:98EFH         LINE#         134
  C:98F5H         LINE#         135
  C:98F9H         LINE#         136
  C:98FEH         LINE#         137
  C:9904H         LINE#         139
  C:990DH         LINE#         140
  C:990DH         LINE#         141
  C:990DH         LINE#         142
  C:990DH         LINE#         143
  C:9910H         LINE#         144
  C:9916H         LINE#         145
  C:9919H         LINE#         146
  C:991EH         LINE#         147
  C:9922H         LINE#         148
  C:9926H         LINE#         149
  C:9927H         LINE#         151
  C:9927H         LINE#         152
  C:992AH         LINE#         153
  C:992EH         LINE#         154
  C:9933H         LINE#         155
  C:9933H         LINE#         156
  C:9936H         LINE#         157
  C:993BH         LINE#         158
  C:993BH         LINE#         159
  C:993EH         LINE#         160
  C:993EH         LINE#         161
  C:993EH         LINE#         162
  -------         ENDPROC       _LIB_AGCSET
  -------         PROC          _LIB_MODEMINIT
  D:0007H         SYMBOL        u8RegOption
  C:7BC1H         LINE#         173
  C:7BC1H         LINE#         174
  C:7BC1H         LINE#         175
  C:7BC7H         LINE#         176
  C:7BCBH         LINE#         178
  C:7BD1H         LINE#         179
  C:7BD7H         LINE#         180
  C:7BDDH         LINE#         181
  C:7BE3H         LINE#         183
  C:7BE9H         LINE#         185
  C:7BEFH         LINE#         186
  C:7BF2H         LINE#         187
  C:7BF6H         LINE#         189
  C:7BFCH         LINE#         190
  C:7C00H         LINE#         191
BL51 BANKED LINKER/LOCATER V6.22                                                      01/28/2020  11:28:58  PAGE 25


  C:7C06H         LINE#         192
  C:7C09H         LINE#         193
  C:7C0FH         LINE#         194
  C:7C13H         LINE#         195
  C:7C22H         LINE#         196
  C:7C24H         LINE#         197
  C:7C27H         LINE#         198
  C:7C2AH         LINE#         200
  C:7C2CH         LINE#         201
  C:7C32H         LINE#         203
  C:7C38H         LINE#         204
  C:7C3CH         LINE#         205
  C:7C40H         LINE#         206
  C:7C4FH         LINE#         207
  C:7C5EH         LINE#         208
  C:7C60H         LINE#         209
  C:7C60H         LINE#         210
  C:7C66H         LINE#         211
  C:7C6CH         LINE#         212
  C:7C6EH         LINE#         213
  C:7C74H         LINE#         214
  C:7C76H         LINE#         215
  C:7C7AH         LINE#         216
  C:7C7EH         LINE#         217
  C:7C80H         LINE#         218
  C:7C83H         LINE#         219
  C:7C83H         LINE#         220
  C:7C86H         LINE#         221
  C:7C8AH         LINE#         222
  C:7C8FH         LINE#         223
  C:7C8FH         LINE#         224
  C:7C92H         LINE#         226
  C:7C98H         LINE#         228
  C:7C9EH         LINE#         229
  -------         ENDPROC       _LIB_MODEMINIT
  -------         PROC          _LIB_DATARATESET
  D:0006H         SYMBOL        u8DataRate
  C:A887H         LINE#         231
  C:A889H         LINE#         232
  C:A889H         LINE#         233
  C:A88FH         LINE#         234
  C:A88FH         LINE#         235
  C:A894H         LINE#         236
  C:A894H         LINE#         237
  C:A896H         LINE#         238
  C:A89DH         LINE#         239
  C:A89DH         LINE#         240
  C:A89FH         LINE#         241
  C:A8A3H         LINE#         242
  C:A8A5H         LINE#         244
  C:A8A5H         LINE#         245
  C:A8A7H         LINE#         246
  C:A8ABH         LINE#         247
  C:A8ABH         LINE#         250
  C:A8B0H         LINE#         253
  C:A8B6H         LINE#         254
  C:A8B6H         LINE#         255
BL51 BANKED LINKER/LOCATER V6.22                                                      01/28/2020  11:28:58  PAGE 26


  C:A8BCH         LINE#         256
  C:A8C2H         LINE#         257
  C:A8C3H         LINE#         259
  C:A8C3H         LINE#         260
  C:A8CCH         LINE#         261
  C:A8CCH         LINE#         262
  C:A8CFH         LINE#         263
  C:A8D5H         LINE#         264
  C:A8D6H         LINE#         266
[...]
  C:8717H         LINE#         450
  C:871EH         LINE#         451
  C:871FH         LINE#         452
BL51 BANKED LINKER/LOCATER V6.22                                                      01/28/2020  11:28:58  PAGE 29


  C:8722H         LINE#         454
  C:8724H         LINE#         455
  C:8726H         LINE#         456
  C:8726H         LINE#         457
  C:872DH         LINE#         458
  C:872DH         LINE#         459
  C:872FH         LINE#         460
  C:8731H         LINE#         461
  C:8731H         LINE#         462
  C:873CH         LINE#         464
  C:873FH         LINE#         465
  C:873FH         LINE#         466
  C:873FH         LINE#         467
  C:8742H         LINE#         468
  C:8742H         LINE#         469
  C:8749H         LINE#         470
  C:8749H         LINE#         471
  C:874BH         LINE#         472
  C:874DH         LINE#         473
  C:874DH         LINE#         474
  C:8758H         LINE#         475
  C:8758H         LINE#         480
  C:875BH         LINE#         481
  C:875DH         LINE#         482
  C:875DH         LINE#         483
  C:8760H         LINE#         484
  C:8760H         LINE#         487
  C:8762H         LINE#         488
  -------         ENDPROC       _LIB_FREQUENCYSET
  -------         PROC          LIB_FREQUENCYGET
  C:C76EH         LINE#         498
  C:C76EH         LINE#         499
  C:C76EH         LINE#         500
  C:C779H         LINE#         501
  -------         ENDPROC       LIB_FREQUENCYGET
  -------         PROC          _LIB_TXPOWERSET
  D:0007H         SYMBOL        u8PowerLevel
  C:5E8CH         LINE#         503
  C:5E8CH         LINE#         504
  C:5E8CH         LINE#         505
  C:5ED9H         LINE#         506
  C:5ED9H         LINE#         507
  C:5EE0H         LINE#         508
  C:5EEDH         LINE#         509
  C:5EF6H         LINE#         510
  C:5EFDH         LINE#         511
  C:5F04H         LINE#         512
  C:5F0BH         LINE#         513
  C:5F12H         LINE#         514
  C:5F19H         LINE#         515
  C:5F26H         LINE#         516
  C:5F2DH         LINE#         517
  C:5F3AH         LINE#         518
  C:5F41H         LINE#         519
  C:5F48H         LINE#         520
  C:5F55H         LINE#         521
  C:5F61H         LINE#         522
BL51 BANKED LINKER/LOCATER V6.22                                                      01/28/2020  11:28:58  PAGE 30


  C:5F68H         LINE#         523
  C:5F75H         LINE#         524
  C:5F7BH         LINE#         525
  C:5F82H         LINE#         526
  C:5F89H         LINE#         527
  C:5F90H         LINE#         528
  C:5F9CH         LINE#         529
  C:5FA5H         LINE#         530
  C:5FA5H         LINE#         531
  -------         ENDPROC       _LIB_TXPOWERSET
  -------         PROC          _LIB_RFTESTMODE
  D:0007H         SYMBOL        u8TestMode
  C:A0DAH         LINE#         533
  C:A0DAH         LINE#         534
  C:A0DAH         LINE#         535
  C:A0DEH         LINE#         536
  C:A0DEH         LINE#         537
  C:A0E4H         LINE#         538
  C:A0E5H         LINE#         539
  C:A0EFH         LINE#         540
  C:A0EFH         LINE#         541
  C:A0F5H         LINE#         542
  C:A0FBH         LINE#         543
  C:A101H         LINE#         544
  C:A108H         LINE#         545
  C:A10EH         LINE#         546
  C:A112H         LINE#         548
  C:A119H         LINE#         549
  C:A119H         LINE#         550
  C:A11CH         LINE#         551
  C:A11EH         LINE#         553
  C:A11EH         LINE#         554
  C:A121H         LINE#         555
  C:A121H         LINE#         556
  C:A127H         LINE#         557
  C:A128H         LINE#         559
  C:A128H         LINE#         560
  C:A12EH         LINE#         561
  C:A133H         LINE#         562
  C:A139H         LINE#         563
  C:A13DH         LINE#         564
  C:A143H         LINE#         565
  C:A143H         LINE#         566
  -------         ENDPROC       _LIB_RFTESTMODE
  -------         PROC          _LIB_AMPCTRLSIGNALSET
  D:0007H         SYMBOL        u8Polarity
  C:C545H         LINE#         568
  C:C545H         LINE#         569
  C:C545H         LINE#         570
  C:C54BH         LINE#         571
  C:C54BH         LINE#         572
  C:C54EH         LINE#         573
  C:C552H         LINE#         574
  C:C553H         LINE#         576
  C:C553H         LINE#         577
  C:C556H         LINE#         578
  C:C558H         LINE#         579
BL51 BANKED LINKER/LOCATER V6.22                                                      01/28/2020  11:28:58  PAGE 31


  C:C558H         LINE#         580
  -------         ENDPROC       _LIB_AMPCTRLSIGNALSET
  -------         PROC          LIB_AMPCTRLGPIO1SET
  C:C8C4H         LINE#         582
  C:C8C4H         LINE#         583
  C:C8C4H         LINE#         584
  C:C8CBH         LINE#         585
  -------         ENDPROC       LIB_AMPCTRLGPIO1SET
  -------         PROC          _LIB_FLASHPARKING
  D:0007H         SYMBOL        u8Parking
  C:A144H         LINE#         591
  C:A144H         LINE#         592
  C:A144H         LINE#         593
  C:A148H         LINE#         594
  C:A148H         LINE#         595
  C:A14CH         LINE#         596
  C:A14CH         LINE#         597
  C:A14CH         LINE#         598
  C:A14CH         LINE#         599
  C:A14CH         LINE#         600
  C:A14FH         LINE#         601
  C:A150H         LINE#         602
  C:A150H         LINE#         603
  C:A150H         LINE#         604
  C:A150H         LINE#         605
  C:A150H         LINE#         606
  C:A153H         LINE#         607
  C:A154H         LINE#         609
  C:A154H         LINE#         610
  C:A15BH         LINE#         611
  C:A15BH         LINE#         613
  C:A15EH         LINE#         614
  C:A162H         LINE#         615
  C:A166H         LINE#         616
  C:A16AH         LINE#         617
  C:A16EH         LINE#         618
  C:A172H         LINE#         619
  C:A175H         LINE#         620
  C:A177H         LINE#         621
  C:A177H         LINE#         622
  C:A17BH         LINE#         623
  C:A17FH         LINE#         624
  C:A183H         LINE#         625
  C:A184H         LINE#         627
  C:A184H         LINE#         629
  C:A187H         LINE#         630
  C:A18BH         LINE#         631
  C:A18FH         LINE#         632
  C:A193H         LINE#         633
  C:A197H         LINE#         634
  C:A19BH         LINE#         635
  C:A19EH         LINE#         636
  C:A1A2H         LINE#         637
  C:A1A6H         LINE#         638
  C:A1A6H         LINE#         639
  C:A1A6H         LINE#         640
  C:A1ACH         LINE#         641
BL51 BANKED LINKER/LOCATER V6.22                                                      01/28/2020  11:28:58  PAGE 32


  C:A1ACH         LINE#         642
  C:A1ACH         LINE#         643
  -------         ENDPROC       _LIB_FLASHPARKING
  -------         PROC          LIB_TXREADY
  C:748CH         LINE#         645
  C:748CH         LINE#         646
  C:748CH         LINE#         649
  C:7496H         LINE#         650
  C:7496H         LINE#         651
  C:7498H         LINE#         654
  C:74A0H         LINE#         656
  C:74A0H         LINE#         657
  C:74A0H         LINE#         658
  C:74A0H         LINE#         660
  C:74A0H         LINE#         661
  C:74A0H         LINE#         662
  C:74A0H         LINE#         664
  C:74A0H         LINE#         665
  C:74A0H         LINE#         666
  C:74A3H         LINE#         669
  C:74ABH         LINE#         671
  C:74AEH         LINE#         674
  C:74B6H         LINE#         675
  C:74BEH         LINE#         676
  C:74C6H         LINE#         677
  C:74CEH         LINE#         678
  C:74D6H         LINE#         679
  C:74DEH         LINE#         680
  C:74E6H         LINE#         681
  C:74EEH         LINE#         682
  C:74F6H         LINE#         683
  C:74FEH         LINE#         684
  C:7506H         LINE#         685
  C:7506H         LINE#         686
  C:7506H         LINE#         687
  C:7506H         LINE#         688
  C:7506H         LINE#         689
  C:7506H         LINE#         690
  C:7506H         LINE#         691
  C:7506H         LINE#         692
  C:7506H         LINE#         693
  C:7506H         LINE#         694
  C:7506H         LINE#         695
  C:7506H         LINE#         697
  C:7506H         LINE#         698
  C:7506H         LINE#         699
  C:7508H         LINE#         701
  C:7508H         LINE#         702
  C:750AH         LINE#         705
  C:750EH         LINE#         707
  C:750EH         LINE#         708
  C:750EH         LINE#         709
  C:750EH         LINE#         711
  C:750EH         LINE#         712
  C:750EH         LINE#         713
  C:750EH         LINE#         715
  C:750EH         LINE#         716
BL51 BANKED LINKER/LOCATER V6.22                                                      01/28/2020  11:28:58  PAGE 33


  C:750EH         LINE#         717
  C:7511H         LINE#         720
  C:7515H         LINE#         722
  C:7518H         LINE#         725
  C:7520H         LINE#         726
  C:7528H         LINE#         727
  C:7530H         LINE#         728
  C:7538H         LINE#         729
  C:7540H         LINE#         730
  C:7548H         LINE#         731
  C:7550H         LINE#         732
  C:7558H         LINE#         733
  C:7560H         LINE#         734
  C:7568H         LINE#         735
  C:7570H         LINE#         737
  C:7573H         LINE#         738
  C:7578H         LINE#         739
  C:7578H         LINE#         740
  -------         ENDPROC       LIB_TXREADY
  -------         PROC          LIB_TAGINFOGET
  C:0006H         LINE#         744
  C:0006H         LINE#         745
  C:0006H         LINE#         746
  C:000AH         LINE#         747
  -------         ENDPROC       LIB_TAGINFOGET
  -------         ENDMOD        MG2470_LIB

  -------         MODULE        ?C?FPADD
  C:0095H         PUBLIC        ?C?FPADD
  C:0091H         PUBLIC        ?C?FPSUB
  -------         ENDMOD        ?C?FPADD

  -------         MODULE        ?C?FPMUL
  C:0186H         PUBLIC        ?C?FPMUL
  -------         ENDMOD        ?C?FPMUL

  -------         MODULE        ?C?FPDIV
  C:028FH         PUBLIC        ?C?FPDIV
  -------         ENDMOD        ?C?FPDIV

  -------         MODULE        ?C?FCAST
  C:0336H         PUBLIC        ?C?FCASTC
  C:0331H         PUBLIC        ?C?FCASTI
  C:032CH         PUBLIC        ?C?FCASTL
  -------         ENDMOD        ?C?FCAST

  -------         MODULE        ?C?CASTF
  C:036AH         PUBLIC        ?C?CASTF
  -------         ENDMOD        ?C?CASTF

  -------         MODULE        PRINTF
  X:0DCCH         PUBLIC        ?_PRINTF?BYTE
  X:0DCCH         PUBLIC        ?_SPRINTF?BYTE
  C:3195H         PUBLIC        _PRINTF
  C:318FH         PUBLIC        _SPRINTF
  -------         ENDMOD        PRINTF

BL51 BANKED LINKER/LOCATER V6.22                                                      01/28/2020  11:28:58  PAGE 34


  -------         MODULE        VSPRINTF
  X:0DC3H         PUBLIC        ?_VSPRINTF?BYTE
  C:AF87H         PUBLIC        _VSPRINTF
  -------         ENDMOD        VSPRINTF

  -------         MODULE        ?C?FPROUND
  C:03EBH         PUBLIC        ?C?FPROUND
  -------         ENDMOD        ?C?FPROUND

  -------         MODULE        ?C?FPCONVERT
  C:0428H         PUBLIC        ?C?FPCONVERT
  -------         ENDMOD        ?C?FPCONVERT

  -------         MODULE        ?C?FTNPWR
  C:055DH         PUBLIC        ?C?FTNPWR
  -------         ENDMOD        ?C?FTNPWR

  -------         MODULE        ?C?COPY
  C:066DH         PUBLIC        ?C?COPY
  -------         ENDMOD        ?C?COPY

  -------         MODULE        ?C?CLDPTR
  C:0693H         PUBLIC        ?C?CLDPTR
  -------         ENDMOD        ?C?CLDPTR

  -------         MODULE        ?C?CLDOPTR
  C:06ACH         PUBLIC        ?C?CLDOPTR
  -------         ENDMOD        ?C?CLDOPTR

  -------         MODULE        ?C?CILDPTR
  C:06D9H         PUBLIC        ?C?CILDPTR
  -------         ENDMOD        ?C?CILDPTR

  -------         MODULE        ?C?CSTPTR
  C:06FBH         PUBLIC        ?C?CSTPTR
  -------         ENDMOD        ?C?CSTPTR

  -------         MODULE        ?C?CSTOPTR
  C:070DH         PUBLIC        ?C?CSTOPTR
  -------         ENDMOD        ?C?CSTOPTR

  -------         MODULE        ?C?IMUL
  C:072FH         PUBLIC        ?C?IMUL
  -------         ENDMOD        ?C?IMUL

  -------         MODULE        ?C?UIDIV
  C:0741H         PUBLIC        ?C?UIDIV
  -------         ENDMOD        ?C?UIDIV

  -------         MODULE        ?C?SIDIV
  C:0796H         PUBLIC        ?C?SIDIV
  -------         ENDMOD        ?C?SIDIV

  -------         MODULE        ?C?IILDX
  C:07CCH         PUBLIC        ?C?IILDX
  -------         ENDMOD        ?C?IILDX

BL51 BANKED LINKER/LOCATER V6.22                                                      01/28/2020  11:28:58  PAGE 35


  -------         MODULE        ?C?ILDIX
  C:07E2H         PUBLIC        ?C?ILDIX
  -------         ENDMOD        ?C?ILDIX

  -------         MODULE        ?C?ILDPTR
  C:07F8H         PUBLIC        ?C?ILDPTR
  -------         ENDMOD        ?C?ILDPTR

  -------         MODULE        ?C?ILDOPTR
  C:0823H         PUBLIC        ?C?ILDOPTR
  -------         ENDMOD        ?C?ILDOPTR

  -------         MODULE        ?C?ISTPTR
  C:085BH         PUBLIC        ?C?ISTPTR
  -------         ENDMOD        ?C?ISTPTR

  -------         MODULE        ?C?ISTOPTR
  C:087AH         PUBLIC        ?C?ISTOPTR
  -------         ENDMOD        ?C?ISTOPTR

  -------         MODULE        ?C?LADD
  C:08A7H         PUBLIC        ?C?LADD
  -------         ENDMOD        ?C?LADD

  -------         MODULE        ?C?LMUL
  C:08B4H         PUBLIC        ?C?LMUL
  -------         ENDMOD        ?C?LMUL

  -------         MODULE        ?C?ULDIV
  C:093FH         PUBLIC        ?C?ULDIV
  -------         ENDMOD        ?C?ULDIV

  -------         MODULE        ?C?SLDIV
  C:B24FH         PUBLIC        ?C?SLDIV
  -------         ENDMOD        ?C?SLDIV

  -------         MODULE        ?C?LOR
  C:09D1H         PUBLIC        ?C?LOR
  -------         ENDMOD        ?C?LOR

  -------         MODULE        ?C?LNEG
  C:09DEH         PUBLIC        ?C?LNEG
  -------         ENDMOD        ?C?LNEG

  -------         MODULE        ?C?ULCMP
  C:09ECH         PUBLIC        ?C?ULCMP
  -------         ENDMOD        ?C?ULCMP

  -------         MODULE        ?C?ULSHR
  C:09FDH         PUBLIC        ?C?ULSHR
  -------         ENDMOD        ?C?ULSHR

  -------         MODULE        ?C?LSHL
  C:0A10H         PUBLIC        ?C?LSHL
  -------         ENDMOD        ?C?LSHL

  -------         MODULE        ?C?LSTOPTR
BL51 BANKED LINKER/LOCATER V6.22                                                      01/28/2020  11:28:58  PAGE 36


  C:0A23H         PUBLIC        ?C?LSTOPTR
  -------         ENDMOD        ?C?LSTOPTR

  -------         MODULE        ?C?LLDXDATA
  C:0A47H         PUBLIC        ?C?LLDXDATA
  -------         ENDMOD        ?C?LLDXDATA

  -------         MODULE        ?C?LLDXDATA0
  C:0A53H         PUBLIC        ?C?LLDXDATA0
  -------         ENDMOD        ?C?LLDXDATA0

  -------         MODULE        ?C?LSTXDATA
  C:0A5FH         PUBLIC        ?C?LSTXDATA
  -------         ENDMOD        ?C?LSTXDATA

  -------         MODULE        ?C?LSTKXDATA
  C:0A6BH         PUBLIC        ?C?LSTKXDATA
  -------         ENDMOD        ?C?LSTKXDATA

  -------         MODULE        ?C?LSTKOPTR
  C:0A9CH         PUBLIC        ?C?LSTKOPTR
  -------         ENDMOD        ?C?LSTKOPTR

  -------         MODULE        ?C?OFFXADD
  C:0AC0H         PUBLIC        ?C?OFFXADD
  -------         ENDMOD        ?C?OFFXADD

  -------         MODULE        ?C?PLDXDATA
  C:0ACCH         PUBLIC        ?C?PLDXDATA
  -------         ENDMOD        ?C?PLDXDATA

  -------         MODULE        ?C?PLDIXDATA
  C:0AD5H         PUBLIC        ?C?PLDIXDATA
  -------         ENDMOD        ?C?PLDIXDATA

  -------         MODULE        ?C?PSTXDATA
  C:0AECH         PUBLIC        ?C?PSTXDATA
  -------         ENDMOD        ?C?PSTXDATA

  -------         MODULE        ?C?PLDOPTR
  C:0AF5H         PUBLIC        ?C?PLDOPTR
  -------         ENDMOD        ?C?PLDOPTR

  -------         MODULE        ?C?PSTOPTR
  C:0B25H         PUBLIC        ?C?PSTOPTR
  -------         ENDMOD        ?C?PSTOPTR

  -------         MODULE        ?C?CCASE
  C:0B7EH         PUBLIC        ?C?CCASE
  -------         ENDMOD        ?C?CCASE

  -------         MODULE        ?C?ICASE
  C:0BA4H         PUBLIC        ?C?ICASE
  -------         ENDMOD        ?C?ICASE

  -------         MODULE        ?C?LCASE
  C:0BD1H         PUBLIC        ?C?LCASE
BL51 BANKED LINKER/LOCATER V6.22                                                      01/28/2020  11:28:58  PAGE 37


  -------         ENDMOD        ?C?LCASE

  -------         MODULE        ?C_XBP
  D:000DH         PUBLIC        ?C_XBP
  -------         ENDMOD        ?C_XBP

  -------         MODULE        ?C?ADDXBP
  C:0C0BH         PUBLIC        ?C?ADDXBP
  -------         ENDMOD        ?C?ADDXBP

  -------         MODULE        PUTCHAR
  C:BE9FH         PUBLIC        _PUTCHAR
  -------         ENDMOD        PUTCHAR

  -------         MODULE        RAND
  X:1369H         PUBLIC        ?SRAND?BYTE
  C:ACE2H         PUBLIC        RAND
  C:AD20H         PUBLIC        _SRAND
  -------         ENDMOD        RAND

  -------         MODULE        TOINT
  C:BEC6H         PUBLIC        _TOINT
  -------         ENDMOD        TOINT

  -------         MODULE        ABS
  C:C786H         PUBLIC        _ABS
  -------         ENDMOD        ABS

  -------         MODULE        STRLEN
  C:C4F4H         PUBLIC        _STRLEN
  -------         ENDMOD        STRLEN

  -------         MODULE        ?C?MEMCMP
  C:0DB5H         PUBLIC        ?C?MEMCMP
  -------         ENDMOD        ?C?MEMCMP

  -------         MODULE        ?C?MEMSET
  C:0DD9H         PUBLIC        ?C?MEMSET
  -------         ENDMOD        ?C?MEMSET

  -------         MODULE        MALLOC
  C:7D70H         PUBLIC        _malloc
  -------         ENDMOD        MALLOC

  -------         MODULE        INIT_MEM
  X:12B6H         PUBLIC        __mem_avail__
  C:B6D2H         PUBLIC        _init_mempool
  -------         ENDMOD        INIT_MEM

  -------         MODULE        ?C?LSTIDATA
  C:0E05H         PUBLIC        ?C?LSTIDATA
  -------         ENDMOD        ?C?LSTIDATA

  -------         MODULE        ?C?LSTPDATA
  C:0E11H         PUBLIC        ?C?LSTPDATA
  -------         ENDMOD        ?C?LSTPDATA

BL51 BANKED LINKER/LOCATER V6.22                                                      01/28/2020  11:28:58  PAGE 38


  -------         MODULE        ?C?LSTKIDATA
  C:0E1DH         PUBLIC        ?C?LSTKIDATA
  -------         ENDMOD        ?C?LSTKIDATA

  -------         MODULE        ?C?LSTKPDATA
  C:0E36H         PUBLIC        ?C?LSTKPDATA
  -------         ENDMOD        ?C?LSTKPDATA

  -------         MODULE        ?C?PLDIDATA
  C:0E4FH         PUBLIC        ?C?PLDIDATA
  -------         ENDMOD        ?C?PLDIDATA

  -------         MODULE        ?C?PSTIDATA
  C:0E58H         PUBLIC        ?C?PSTIDATA
  -------         ENDMOD        ?C?PSTIDATA

  -------         MODULE        ?C?PLDPDATA
  C:0E61H         PUBLIC        ?C?PLDPDATA
  -------         ENDMOD        ?C?PLDPDATA

  -------         MODULE        ?C?PSTPDATA
  C:0E6AH         PUBLIC        ?C?PSTPDATA
  -------         ENDMOD        ?C?PSTPDATA

  -------         MODULE        ?C?PLDCODE
  C:0E73H         PUBLIC        ?C?PLDCODE
  -------         ENDMOD        ?C?PLDCODE

Program Size: data=18.1 xdata=5032 code=51407
LINK/LOCATE RUN COMPLETE.  0 WARNING(S),  0 ERROR(S)
